Archive member included to satisfy reference by file (symbol)

d:/programy/stm32cubeide_1.6.1/stm32cubeide/plugins/com.st.stm32cube.ide.mcu.externaltools.gnu-tools-for-stm32.9-2020-q2-update.win32_2.0.0.202105311346/tools/bin/../lib/gcc/arm-none-eabi/9.3.1/../../../../arm-none-eabi/lib/thumb/v6-m/nofp\libc_nano.a(lib_a-errno.o)
                              ./Core/Src/syscalls.o (__errno)
d:/programy/stm32cubeide_1.6.1/stm32cubeide/plugins/com.st.stm32cube.ide.mcu.externaltools.gnu-tools-for-stm32.9-2020-q2-update.win32_2.0.0.202105311346/tools/bin/../lib/gcc/arm-none-eabi/9.3.1/../../../../arm-none-eabi/lib/thumb/v6-m/nofp\libc_nano.a(lib_a-exit.o)
                              d:/programy/stm32cubeide_1.6.1/stm32cubeide/plugins/com.st.stm32cube.ide.mcu.externaltools.gnu-tools-for-stm32.9-2020-q2-update.win32_2.0.0.202105311346/tools/bin/../lib/gcc/arm-none-eabi/9.3.1/../../../../arm-none-eabi/lib/thumb/v6-m/nofp/crt0.o (exit)
d:/programy/stm32cubeide_1.6.1/stm32cubeide/plugins/com.st.stm32cube.ide.mcu.externaltools.gnu-tools-for-stm32.9-2020-q2-update.win32_2.0.0.202105311346/tools/bin/../lib/gcc/arm-none-eabi/9.3.1/../../../../arm-none-eabi/lib/thumb/v6-m/nofp\libc_nano.a(lib_a-impure.o)
                              d:/programy/stm32cubeide_1.6.1/stm32cubeide/plugins/com.st.stm32cube.ide.mcu.externaltools.gnu-tools-for-stm32.9-2020-q2-update.win32_2.0.0.202105311346/tools/bin/../lib/gcc/arm-none-eabi/9.3.1/../../../../arm-none-eabi/lib/thumb/v6-m/nofp\libc_nano.a(lib_a-exit.o) (_global_impure_ptr)
d:/programy/stm32cubeide_1.6.1/stm32cubeide/plugins/com.st.stm32cube.ide.mcu.externaltools.gnu-tools-for-stm32.9-2020-q2-update.win32_2.0.0.202105311346/tools/bin/../lib/gcc/arm-none-eabi/9.3.1/../../../../arm-none-eabi/lib/thumb/v6-m/nofp\libc_nano.a(lib_a-init.o)
                              d:/programy/stm32cubeide_1.6.1/stm32cubeide/plugins/com.st.stm32cube.ide.mcu.externaltools.gnu-tools-for-stm32.9-2020-q2-update.win32_2.0.0.202105311346/tools/bin/../lib/gcc/arm-none-eabi/9.3.1/../../../../arm-none-eabi/lib/thumb/v6-m/nofp/crt0.o (__libc_init_array)
d:/programy/stm32cubeide_1.6.1/stm32cubeide/plugins/com.st.stm32cube.ide.mcu.externaltools.gnu-tools-for-stm32.9-2020-q2-update.win32_2.0.0.202105311346/tools/bin/../lib/gcc/arm-none-eabi/9.3.1/../../../../arm-none-eabi/lib/thumb/v6-m/nofp\libc_nano.a(lib_a-memset.o)
                              d:/programy/stm32cubeide_1.6.1/stm32cubeide/plugins/com.st.stm32cube.ide.mcu.externaltools.gnu-tools-for-stm32.9-2020-q2-update.win32_2.0.0.202105311346/tools/bin/../lib/gcc/arm-none-eabi/9.3.1/../../../../arm-none-eabi/lib/thumb/v6-m/nofp/crt0.o (memset)
d:/programy/stm32cubeide_1.6.1/stm32cubeide/plugins/com.st.stm32cube.ide.mcu.externaltools.gnu-tools-for-stm32.9-2020-q2-update.win32_2.0.0.202105311346/tools/bin/../lib/gcc/arm-none-eabi/9.3.1/thumb/v6-m/nofp\libgcc.a(_udivsi3.o)
                              ./Core/Src/system_stm32f0xx.o (__aeabi_uidiv)
d:/programy/stm32cubeide_1.6.1/stm32cubeide/plugins/com.st.stm32cube.ide.mcu.externaltools.gnu-tools-for-stm32.9-2020-q2-update.win32_2.0.0.202105311346/tools/bin/../lib/gcc/arm-none-eabi/9.3.1/thumb/v6-m/nofp\libgcc.a(_dvmd_tls.o)
                              d:/programy/stm32cubeide_1.6.1/stm32cubeide/plugins/com.st.stm32cube.ide.mcu.externaltools.gnu-tools-for-stm32.9-2020-q2-update.win32_2.0.0.202105311346/tools/bin/../lib/gcc/arm-none-eabi/9.3.1/thumb/v6-m/nofp\libgcc.a(_udivsi3.o) (__aeabi_idiv0)
d:/programy/stm32cubeide_1.6.1/stm32cubeide/plugins/com.st.stm32cube.ide.mcu.externaltools.gnu-tools-for-stm32.9-2020-q2-update.win32_2.0.0.202105311346/tools/bin/../lib/gcc/arm-none-eabi/9.3.1/thumb/v6-m/nofp\libgcc.a(divsf3.o)
                              ./Core/Src/meas.o (__aeabi_fdiv)
d:/programy/stm32cubeide_1.6.1/stm32cubeide/plugins/com.st.stm32cube.ide.mcu.externaltools.gnu-tools-for-stm32.9-2020-q2-update.win32_2.0.0.202105311346/tools/bin/../lib/gcc/arm-none-eabi/9.3.1/thumb/v6-m/nofp\libgcc.a(floatunsisf.o)
                              ./Core/Src/meas.o (__aeabi_ui2f)
d:/programy/stm32cubeide_1.6.1/stm32cubeide/plugins/com.st.stm32cube.ide.mcu.externaltools.gnu-tools-for-stm32.9-2020-q2-update.win32_2.0.0.202105311346/tools/bin/../lib/gcc/arm-none-eabi/9.3.1/thumb/v6-m/nofp\libgcc.a(divdf3.o)
                              ./Core/Src/meas.o (__aeabi_ddiv)
d:/programy/stm32cubeide_1.6.1/stm32cubeide/plugins/com.st.stm32cube.ide.mcu.externaltools.gnu-tools-for-stm32.9-2020-q2-update.win32_2.0.0.202105311346/tools/bin/../lib/gcc/arm-none-eabi/9.3.1/thumb/v6-m/nofp\libgcc.a(muldf3.o)
                              ./Core/Src/meas.o (__aeabi_dmul)
d:/programy/stm32cubeide_1.6.1/stm32cubeide/plugins/com.st.stm32cube.ide.mcu.externaltools.gnu-tools-for-stm32.9-2020-q2-update.win32_2.0.0.202105311346/tools/bin/../lib/gcc/arm-none-eabi/9.3.1/thumb/v6-m/nofp\libgcc.a(subdf3.o)
                              ./Core/Src/meas.o (__aeabi_dsub)
[...]
Memory Configuration

Name             Origin             Length             Attributes
RAM              0x0000000020000000 0x0000000000001000 xrw
FLASH            0x0000000008000000 0x0000000000008000 xr
*default*        0x0000000000000000 0xffffffffffffffff

Linker script and memory map

LOAD d:/programy/stm32cubeide_1.6.1/stm32cubeide/plugins/com.st.stm32cube.ide.mcu.externaltools.gnu-tools-for-stm32.9-2020-q2-update.win32_2.0.0.202105311346/tools/bin/../lib/gcc/arm-none-eabi/9.3.1/thumb/v6-m/nofp/crti.o
LOAD d:/programy/stm32cubeide_1.6.1/stm32cubeide/plugins/com.st.stm32cube.ide.mcu.externaltools.gnu-tools-for-stm32.9-2020-q2-update.win32_2.0.0.202105311346/tools/bin/../lib/gcc/arm-none-eabi/9.3.1/thumb/v6-m/nofp/crtbegin.o
LOAD d:/programy/stm32cubeide_1.6.1/stm32cubeide/plugins/com.st.stm32cube.ide.mcu.externaltools.gnu-tools-for-stm32.9-2020-q2-update.win32_2.0.0.202105311346/tools/bin/../lib/gcc/arm-none-eabi/9.3.1/../../../../arm-none-eabi/lib/thumb/v6-m/nofp/crt0.o
LOAD ./Core/Src/adc.o
LOAD ./Core/Src/gpio.o
LOAD ./Core/Src/main.o
LOAD ./Core/Src/meas.o
LOAD ./Core/Src/stm32f0xx_hal_msp.o
LOAD ./Core/Src/stm32f0xx_it.o
LOAD ./Core/Src/syscalls.o
LOAD ./Core/Src/sysmem.o
LOAD ./Core/Src/system_stm32f0xx.o
LOAD ./Core/Startup/startup_stm32f030k6tx.o
LOAD ./Drivers/STM32F0xx_HAL_Driver/Src/stm32f0xx_hal.o
LOAD ./Drivers/STM32F0xx_HAL_Driver/Src/stm32f0xx_hal_adc.o
LOAD ./Drivers/STM32F0xx_HAL_Driver/Src/stm32f0xx_hal_adc_ex.o
LOAD ./Drivers/STM32F0xx_HAL_Driver/Src/stm32f0xx_hal_cortex.o
LOAD ./Drivers/STM32F0xx_HAL_Driver/Src/stm32f0xx_hal_dma.o
LOAD ./Drivers/STM32F0xx_HAL_Driver/Src/stm32f0xx_hal_exti.o
LOAD ./Drivers/STM32F0xx_HAL_Driver/Src/stm32f0xx_hal_flash.o
LOAD ./Drivers/STM32F0xx_HAL_Driver/Src/stm32f0xx_hal_flash_ex.o
LOAD ./Drivers/STM32F0xx_HAL_Driver/Src/stm32f0xx_hal_gpio.o
LOAD ./Drivers/STM32F0xx_HAL_Driver/Src/stm32f0xx_hal_i2c.o
LOAD ./Drivers/STM32F0xx_HAL_Driver/Src/stm32f0xx_hal_i2c_ex.o
LOAD ./Drivers/STM32F0xx_HAL_Driver/Src/stm32f0xx_hal_pwr.o
LOAD ./Drivers/STM32F0xx_HAL_Driver/Src/stm32f0xx_hal_pwr_ex.o
LOAD ./Drivers/STM32F0xx_HAL_Driver/Src/stm32f0xx_hal_rcc.o
LOAD ./Drivers/STM32F0xx_HAL_Driver/Src/stm32f0xx_hal_rcc_ex.o
LOAD ./Drivers/STM32F0xx_HAL_Driver/Src/stm32f0xx_hal_tim.o
LOAD ./Drivers/STM32F0xx_HAL_Driver/Src/stm32f0xx_hal_tim_ex.o
START GROUP
LOAD d:/programy/stm32cubeide_1.6.1/stm32cubeide/plugins/com.st.stm32cube.ide.mcu.externaltools.gnu-tools-for-stm32.9-2020-q2-update.win32_2.0.0.202105311346/tools/bin/../lib/gcc/arm-none-eabi/9.3.1/../../../../arm-none-eabi/lib/thumb/v6-m/nofp\libc_nano.a
LOAD d:/programy/stm32cubeide_1.6.1/stm32cubeide/plugins/com.st.stm32cube.ide.mcu.externaltools.gnu-tools-for-stm32.9-2020-q2-update.win32_2.0.0.202105311346/tools/bin/../lib/gcc/arm-none-eabi/9.3.1/../../../../arm-none-eabi/lib/thumb/v6-m/nofp\libm.a
END GROUP
START GROUP
LOAD d:/programy/stm32cubeide_1.6.1/stm32cubeide/plugins/com.st.stm32cube.ide.mcu.externaltools.gnu-tools-for-stm32.9-2020-q2-update.win32_2.0.0.202105311346/tools/bin/../lib/gcc/arm-none-eabi/9.3.1/thumb/v6-m/nofp\libgcc.a
LOAD d:/programy/stm32cubeide_1.6.1/stm32cubeide/plugins/com.st.stm32cube.ide.mcu.externaltools.gnu-tools-for-stm32.9-2020-q2-update.win32_2.0.0.202105311346/tools/bin/../lib/gcc/arm-none-eabi/9.3.1/../../../../arm-none-eabi/lib/thumb/v6-m/nofp\libc_nano.a
END GROUP
START GROUP
LOAD d:/programy/stm32cubeide_1.6.1/stm32cubeide/plugins/com.st.stm32cube.ide.mcu.externaltools.gnu-tools-for-stm32.9-2020-q2-update.win32_2.0.0.202105311346/tools/bin/../lib/gcc/arm-none-eabi/9.3.1/thumb/v6-m/nofp\libgcc.a
LOAD d:/programy/stm32cubeide_1.6.1/stm32cubeide/plugins/com.st.stm32cube.ide.mcu.externaltools.gnu-tools-for-stm32.9-2020-q2-update.win32_2.0.0.202105311346/tools/bin/../lib/gcc/arm-none-eabi/9.3.1/../../../../arm-none-eabi/lib/thumb/v6-m/nofp\libc_nano.a
LOAD d:/programy/stm32cubeide_1.6.1/stm32cubeide/plugins/com.st.stm32cube.ide.mcu.externaltools.gnu-tools-for-stm32.9-2020-q2-update.win32_2.0.0.202105311346/tools/bin/../lib/gcc/arm-none-eabi/9.3.1/../../../../arm-none-eabi/lib/thumb/v6-m/nofp\libnosys.a
END GROUP
START GROUP
LOAD d:/programy/stm32cubeide_1.6.1/stm32cubeide/plugins/com.st.stm32cube.ide.mcu.externaltools.gnu-tools-for-stm32.9-2020-q2-update.win32_2.0.0.202105311346/tools/bin/../lib/gcc/arm-none-eabi/9.3.1/thumb/v6-m/nofp\libgcc.a
LOAD d:/programy/stm32cubeide_1.6.1/stm32cubeide/plugins/com.st.stm32cube.ide.mcu.externaltools.gnu-tools-for-stm32.9-2020-q2-update.win32_2.0.0.202105311346/tools/bin/../lib/gcc/arm-none-eabi/9.3.1/../../../../arm-none-eabi/lib/thumb/v6-m/nofp\libc_nano.a
LOAD d:/programy/stm32cubeide_1.6.1/stm32cubeide/plugins/com.st.stm32cube.ide.mcu.externaltools.gnu-tools-for-stm32.9-2020-q2-update.win32_2.0.0.202105311346/tools/bin/../lib/gcc/arm-none-eabi/9.3.1/../../../../arm-none-eabi/lib/thumb/v6-m/nofp\libnosys.a
END GROUP
LOAD d:/programy/stm32cubeide_1.6.1/stm32cubeide/plugins/com.st.stm32cube.ide.mcu.externaltools.gnu-tools-for-stm32.9-2020-q2-update.win32_2.0.0.202105311346/tools/bin/../lib/gcc/arm-none-eabi/9.3.1/thumb/v6-m/nofp/crtend.o
LOAD d:/programy/stm32cubeide_1.6.1/stm32cubeide/plugins/com.st.stm32cube.ide.mcu.externaltools.gnu-tools-for-stm32.9-2020-q2-update.win32_2.0.0.202105311346/tools/bin/../lib/gcc/arm-none-eabi/9.3.1/thumb/v6-m/nofp/crtn.o
                0x0000000020001000                _estack = (ORIGIN (RAM) + LENGTH (RAM))
                0x0000000000000200                _Min_Heap_Size = 0x200
                0x0000000000000400                _Min_Stack_Size = 0x400

.isr_vector     0x0000000008000000       0xc0
                0x0000000008000000                . = ALIGN (0x4)
 *(.isr_vector)
 .isr_vector    0x0000000008000000       0xc0 ./Core/Startup/startup_stm32f030k6tx.o
                0x0000000008000000                g_pfnVectors
                0x00000000080000c0                . = ALIGN (0x4)

.text           0x00000000080000c0     0x3520
                0x00000000080000c0                . = ALIGN (0x4)
 *(.text)
 .text          0x00000000080000c0       0x48 d:/programy/stm32cubeide_1.6.1/stm32cubeide/plugins/com.st.stm32cube.ide.mcu.externaltools.gnu-tools-for-stm32.9-2020-q2-update.win32_2.0.0.202105311346/tools/bin/../lib/gcc/arm-none-eabi/9.3.1/thumb/v6-m/nofp/crtbegin.o
 .text          0x0000000008000108      0x114 d:/programy/stm32cubeide_1.6.1/stm32cubeide/plugins/com.st.stm32cube.ide.mcu.externaltools.gnu-tools-for-stm32.9-2020-q2-update.win32_2.0.0.202105311346/tools/bin/../lib/gcc/arm-none-eabi/9.3.1/thumb/v6-m/nofp\libgcc.a(_udivsi3.o)
                0x0000000008000108                __aeabi_uidiv
                0x0000000008000108                __udivsi3
                0x0000000008000214                __aeabi_uidivmod
 .text          0x000000000800021c        0x4 d:/programy/stm32cubeide_1.6.1/stm32cubeide/plugins/com.st.stm32cube.ide.mcu.externaltools.gnu-tools-for-stm32.9-2020-q2-update.win32_2.0.0.202105311346/tools/bin/../lib/gcc/arm-none-eabi/9.3.1/thumb/v6-m/nofp\libgcc.a(_dvmd_tls.o)
                0x000000000800021c                __aeabi_idiv0
                0x000000000800021c                __aeabi_ldiv0
 .text          0x0000000008000220      0x218 d:/programy/stm32cubeide_1.6.1/stm32cubeide/plugins/com.st.stm32cube.ide.mcu.externaltools.gnu-tools-for-stm32.9-2020-q2-update.win32_2.0.0.202105311346/tools/bin/../lib/gcc/arm-none-eabi/9.3.1/thumb/v6-m/nofp\libgcc.a(divsf3.o)
                0x0000000008000220                __aeabi_fdiv
 .text          0x0000000008000438       0x78 d:/programy/stm32cubeide_1.6.1/stm32cubeide/plugins/com.st.stm32cube.ide.mcu.externaltools.gnu-tools-for-stm32.9-2020-q2-update.win32_2.0.0.202105311346/tools/bin/../lib/gcc/arm-none-eabi/9.3.1/thumb/v6-m/nofp\libgcc.a(floatunsisf.o)
                0x0000000008000438                __aeabi_ui2f
 .text          0x00000000080004b0      0x5d0 d:/programy/stm32cubeide_1.6.1/stm32cubeide/plugins/com.st.stm32cube.ide.mcu.externaltools.gnu-tools-for-stm32.9-2020-q2-update.win32_2.0.0.202105311346/tools/bin/../lib/gcc/arm-none-eabi/9.3.1/thumb/v6-m/nofp\libgcc.a(divdf3.o)
                0x00000000080004b0                __aeabi_ddiv
 .text          0x0000000008000a80      0x4d8 d:/programy/stm32cubeide_1.6.1/stm32cubeide/plugins/com.st.stm32cube.ide.mcu.externaltools.gnu-tools-for-stm32.9-2020-q2-update.win32_2.0.0.202105311346/tools/bin/../lib/gcc/arm-none-eabi/9.3.1/thumb/v6-m/nofp\libgcc.a(muldf3.o)
                0x0000000008000a80                __aeabi_dmul
 .text          0x0000000008000f58      0x724 d:/programy/stm32cubeide_1.6.1/stm32cubeide/plugins/com.st.stm32cube.ide.mcu.externaltools.gnu-tools-for-stm32.9-2020-q2-update.win32_2.0.0.202105311346/tools/bin/../lib/gcc/arm-none-eabi/9.3.1/thumb/v6-m/nofp\libgcc.a(subdf3.o)
                0x0000000008000f58                __aeabi_dsub
 .text          0x000000000800167c       0x60 d:/programy/stm32cubeide_1.6.1/stm32cubeide/plugins/com.st.stm32cube.ide.mcu.externaltools.gnu-tools-for-stm32.9-2020-q2-update.win32_2.0.0.202105311346/tools/bin/../lib/gcc/arm-none-eabi/9.3.1/thumb/v6-m/nofp\libgcc.a(floatsidf.o)
                0x000000000800167c                __aeabi_i2d
 .text          0x00000000080016dc       0x90 d:/programy/stm32cubeide_1.6.1/stm32cubeide/plugins/com.st.stm32cube.ide.mcu.externaltools.gnu-tools-for-stm32.9-2020-q2-update.win32_2.0.0.202105311346/tools/bin/../lib/gcc/arm-none-eabi/9.3.1/thumb/v6-m/nofp\libgcc.a(extendsfdf2.o)
                0x00000000080016dc                __aeabi_f2d
 .text          0x000000000800176c       0x3c d:/programy/stm32cubeide_1.6.1/stm32cubeide/plugins/com.st.stm32cube.ide.mcu.externaltools.gnu-tools-for-stm32.9-2020-q2-update.win32_2.0.0.202105311346/tools/bin/../lib/gcc/arm-none-eabi/9.3.1/thumb/v6-m/nofp\libgcc.a(_clzsi2.o)
                0x000000000800176c                __clzsi2
 *(.text*)
 .text.MX_ADC_Init
                0x00000000080017a8       0xe8 ./Core/Src/adc.o
                0x00000000080017a8                MX_ADC_Init
 .text.HAL_ADC_MspInit
                0x0000000008001890       0x8c ./Core/Src/adc.o
                0x0000000008001890                HAL_ADC_MspInit
 .text.MX_GPIO_Init
                0x000000000800191c       0x74 ./Core/Src/gpio.o
                0x000000000800191c                MX_GPIO_Init
 .text.main     0x0000000008001990       0x9c ./Core/Src/main.o
                0x0000000008001990                main
 .text.SystemClock_Config
                0x0000000008001a2c       0xa0 ./Core/Src/main.o
                0x0000000008001a2c                SystemClock_Config
 .text.Error_Handler
                0x0000000008001acc        0xa ./Core/Src/main.o
                0x0000000008001acc                Error_Handler
 *fill*         0x0000000008001ad6        0x2 
 .text.init_sensors
                0x0000000008001ad8       0xc0 ./Core/Src/meas.o
                0x0000000008001ad8                init_sensors
 .text.measure  0x0000000008001b98       0xe4 ./Core/Src/meas.o
                0x0000000008001b98                measure
 .text.calculate
                0x0000000008001c7c      0x10c ./Core/Src/meas.o
                0x0000000008001c7c                calculate
 .text.write_sens_raw
                0x0000000008001d88       0x50 ./Core/Src/meas.o
                0x0000000008001d88                write_sens_raw
 .text.HAL_MspInit
                0x0000000008001dd8       0x48 ./Core/Src/stm32f0xx_hal_msp.o
                0x0000000008001dd8                HAL_MspInit
 .text.NMI_Handler
                0x0000000008001e20        0x6 ./Core/Src/stm32f0xx_it.o
                0x0000000008001e20                NMI_Handler
 .text.HardFault_Handler
                0x0000000008001e26        0x6 ./Core/Src/stm32f0xx_it.o
                0x0000000008001e26                HardFault_Handler
 .text.SVC_Handler
                0x0000000008001e2c        0xa ./Core/Src/stm32f0xx_it.o
                0x0000000008001e2c                SVC_Handler
 .text.PendSV_Handler
                0x0000000008001e36        0xa ./Core/Src/stm32f0xx_it.o
                0x0000000008001e36                PendSV_Handler
 .text.SysTick_Handler
                0x0000000008001e40        0xe ./Core/Src/stm32f0xx_it.o
                0x0000000008001e40                SysTick_Handler
 .text.SystemInit
                0x0000000008001e4e        0xa ./Core/Src/system_stm32f0xx.o
                0x0000000008001e4e                SystemInit
 .text.Reset_Handler
                0x0000000008001e58       0x50 ./Core/Startup/startup_stm32f030k6tx.o
                0x0000000008001e58                Reset_Handler
 .text.Default_Handler
                0x0000000008001ea8        0x2 ./Core/Startup/startup_stm32f030k6tx.o
                0x0000000008001ea8                TIM1_CC_IRQHandler
                0x0000000008001ea8                I2C1_IRQHandler
                0x0000000008001ea8                SPI1_IRQHandler
                0x0000000008001ea8                EXTI2_3_IRQHandler
                0x0000000008001ea8                ADC1_IRQHandler
                0x0000000008001ea8                TIM17_IRQHandler
                0x0000000008001ea8                RTC_IRQHandler
                0x0000000008001ea8                TIM16_IRQHandler
                0x0000000008001ea8                TIM3_IRQHandler
                0x0000000008001ea8                EXTI4_15_IRQHandler
                0x0000000008001ea8                RCC_IRQHandler
                0x0000000008001ea8                DMA1_Channel1_IRQHandler
                0x0000000008001ea8                Default_Handler
                0x0000000008001ea8                TIM14_IRQHandler
                0x0000000008001ea8                DMA1_Channel4_5_IRQHandler
                0x0000000008001ea8                EXTI0_1_IRQHandler
                0x0000000008001ea8                WWDG_IRQHandler
                0x0000000008001ea8                DMA1_Channel2_3_IRQHandler
                0x0000000008001ea8                FLASH_IRQHandler
                0x0000000008001ea8                USART1_IRQHandler
                0x0000000008001ea8                TIM1_BRK_UP_TRG_COM_IRQHandler
 *fill*         0x0000000008001eaa        0x2 
 .text.HAL_Init
                0x0000000008001eac       0x28 ./Drivers/STM32F0xx_HAL_Driver/Src/stm32f0xx_hal.o
                0x0000000008001eac                HAL_Init
 .text.HAL_InitTick
                0x0000000008001ed4       0x68 ./Drivers/STM32F0xx_HAL_Driver/Src/stm32f0xx_hal.o
                0x0000000008001ed4                HAL_InitTick
 .text.HAL_IncTick
                0x0000000008001f3c       0x24 ./Drivers/STM32F0xx_HAL_Driver/Src/stm32f0xx_hal.o
                0x0000000008001f3c                HAL_IncTick
 .text.HAL_GetTick
                0x0000000008001f60       0x14 ./Drivers/STM32F0xx_HAL_Driver/Src/stm32f0xx_hal.o
                0x0000000008001f60                HAL_GetTick
 .text.HAL_Delay
                0x0000000008001f74       0x48 ./Drivers/STM32F0xx_HAL_Driver/Src/stm32f0xx_hal.o
                0x0000000008001f74                HAL_Delay
 .text.HAL_ADC_Init
                0x0000000008001fbc      0x280 ./Drivers/STM32F0xx_HAL_Driver/Src/stm32f0xx_hal_adc.o
                0x0000000008001fbc                HAL_ADC_Init
 .text.HAL_ADC_Start
                0x000000000800223c       0xa8 ./Drivers/STM32F0xx_HAL_Driver/Src/stm32f0xx_hal_adc.o
                0x000000000800223c                HAL_ADC_Start
 .text.HAL_ADC_PollForConversion
                0x00000000080022e4      0x130 ./Drivers/STM32F0xx_HAL_Driver/Src/stm32f0xx_hal_adc.o
                0x00000000080022e4                HAL_ADC_PollForConversion
 .text.HAL_ADC_GetValue
                0x0000000008002414       0x16 ./Drivers/STM32F0xx_HAL_Driver/Src/stm32f0xx_hal_adc.o
                0x0000000008002414                HAL_ADC_GetValue
 *fill*         0x000000000800242a        0x2 
 .text.HAL_ADC_ConfigChannel
                0x000000000800242c      0x1ec ./Drivers/STM32F0xx_HAL_Driver/Src/stm32f0xx_hal_adc.o
                0x000000000800242c                HAL_ADC_ConfigChannel
 .text.ADC_Enable
                0x0000000008002618      0x108 ./Drivers/STM32F0xx_HAL_Driver/Src/stm32f0xx_hal_adc.o
 .text.HAL_ADCEx_Calibration_Start
                0x0000000008002720      0x150 ./Drivers/STM32F0xx_HAL_Driver/Src/stm32f0xx_hal_adc_ex.o
                0x0000000008002720                HAL_ADCEx_Calibration_Start
 .text.__NVIC_SetPriority
                0x0000000008002870       0xdc ./Drivers/STM32F0xx_HAL_Driver/Src/stm32f0xx_hal_cortex.o
 .text.SysTick_Config
                0x000000000800294c       0x48 ./Drivers/STM32F0xx_HAL_Driver/Src/stm32f0xx_hal_cortex.o
 .text.HAL_NVIC_SetPriority
                0x0000000008002994       0x2a ./Drivers/STM32F0xx_HAL_Driver/Src/stm32f0xx_hal_cortex.o
                0x0000000008002994                HAL_NVIC_SetPriority
 .text.HAL_SYSTICK_Config
                0x00000000080029be       0x1a ./Drivers/STM32F0xx_HAL_Driver/Src/stm32f0xx_hal_cortex.o
                0x00000000080029be                HAL_SYSTICK_Config
 .text.HAL_GPIO_Init
                0x00000000080029d8      0x2e0 ./Drivers/STM32F0xx_HAL_Driver/Src/stm32f0xx_hal_gpio.o
                0x00000000080029d8                HAL_GPIO_Init
 .text.HAL_GPIO_WritePin
                0x0000000008002cb8       0x3a ./Drivers/STM32F0xx_HAL_Driver/Src/stm32f0xx_hal_gpio.o
                0x0000000008002cb8                HAL_GPIO_WritePin
 *fill*         0x0000000008002cf2        0x2 
 .text.HAL_RCC_OscConfig
                0x0000000008002cf4      0x634 ./Drivers/STM32F0xx_HAL_Driver/Src/stm32f0xx_hal_rcc.o
                0x0000000008002cf4                HAL_RCC_OscConfig
 .text.HAL_RCC_ClockConfig
                0x0000000008003328      0x19c ./Drivers/STM32F0xx_HAL_Driver/Src/stm32f0xx_hal_rcc.o
                0x0000000008003328                HAL_RCC_ClockConfig
 .text.HAL_RCC_GetSysClockFreq
                0x00000000080034c4       0xac ./Drivers/STM32F0xx_HAL_Driver/Src/stm32f0xx_hal_rcc.o
                0x00000000080034c4                HAL_RCC_GetSysClockFreq
 .text.__libc_init_array
                0x0000000008003570       0x48 d:/programy/stm32cubeide_1.6.1/stm32cubeide/plugins/com.st.stm32cube.ide.mcu.externaltools.gnu-tools-for-stm32.9-2020-q2-update.win32_2.0.0.202105311346/tools/bin/../lib/gcc/arm-none-eabi/9.3.1/../../../../arm-none-eabi/lib/thumb/v6-m/nofp\libc_nano.a(lib_a-init.o)
                0x0000000008003570                __libc_init_array
 .text.memset   0x00000000080035b8       0x10 d:/programy/stm32cubeide_1.6.1/stm32cubeide/plugins/com.st.stm32cube.ide.mcu.externaltools.gnu-tools-for-stm32.9-2020-q2-update.win32_2.0.0.202105311346/tools/bin/../lib/gcc/arm-none-eabi/9.3.1/../../../../arm-none-eabi/lib/thumb/v6-m/nofp\libc_nano.a(lib_a-memset.o)
                0x00000000080035b8                memset
 *(.glue_7)
 .glue_7        0x00000000080035c8        0x0 linker stubs
 *(.glue_7t)
 .glue_7t       0x00000000080035c8        0x0 linker stubs
 *(.eh_frame)
 .eh_frame      0x00000000080035c8        0x0 d:/programy/stm32cubeide_1.6.1/stm32cubeide/plugins/com.st.stm32cube.ide.mcu.externaltools.gnu-tools-for-stm32.9-2020-q2-update.win32_2.0.0.202105311346/tools/bin/../lib/gcc/arm-none-eabi/9.3.1/thumb/v6-m/nofp/crtbegin.o
 *(.init)
 .init          0x00000000080035c8        0x4 d:/programy/stm32cubeide_1.6.1/stm32cubeide/plugins/com.st.stm32cube.ide.mcu.externaltools.gnu-tools-for-stm32.9-2020-q2-update.win32_2.0.0.202105311346/tools/bin/../lib/gcc/arm-none-eabi/9.3.1/thumb/v6-m/nofp/crti.o
                0x00000000080035c8                _init
 .init          0x00000000080035cc        0x8 d:/programy/stm32cubeide_1.6.1/stm32cubeide/plugins/com.st.stm32cube.ide.mcu.externaltools.gnu-tools-for-stm32.9-2020-q2-update.win32_2.0.0.202105311346/tools/bin/../lib/gcc/arm-none-eabi/9.3.1/thumb/v6-m/nofp/crtn.o
 *(.fini)
 .fini          0x00000000080035d4        0x4 d:/programy/stm32cubeide_1.6.1/stm32cubeide/plugins/com.st.stm32cube.ide.mcu.externaltools.gnu-tools-for-stm32.9-2020-q2-update.win32_2.0.0.202105311346/tools/bin/../lib/gcc/arm-none-eabi/9.3.1/thumb/v6-m/nofp/crti.o
                0x00000000080035d4                _fini
 .fini          0x00000000080035d8        0x8 d:/programy/stm32cubeide_1.6.1/stm32cubeide/plugins/com.st.stm32cube.ide.mcu.externaltools.gnu-tools-for-stm32.9-2020-q2-update.win32_2.0.0.202105311346/tools/bin/../lib/gcc/arm-none-eabi/9.3.1/thumb/v6-m/nofp/crtn.o
                0x00000000080035e0                . = ALIGN (0x4)
                0x00000000080035e0                _etext = .

.vfp11_veneer   0x00000000080035e0        0x0
 .vfp11_veneer  0x00000000080035e0        0x0 linker stubs

.v4_bx          0x00000000080035e0        0x0
 .v4_bx         0x00000000080035e0        0x0 linker stubs

.iplt           0x00000000080035e0        0x0
 .iplt          0x00000000080035e0        0x0 d:/programy/stm32cubeide_1.6.1/stm32cubeide/plugins/com.st.stm32cube.ide.mcu.externaltools.gnu-tools-for-stm32.9-2020-q2-update.win32_2.0.0.202105311346/tools/bin/../lib/gcc/arm-none-eabi/9.3.1/thumb/v6-m/nofp/crtbegin.o

.rodata         0x00000000080035e0      0x130
                0x00000000080035e0                . = ALIGN (0x4)
 *(.rodata)
 .rodata        0x00000000080035e0       0x80 d:/programy/stm32cubeide_1.6.1/stm32cubeide/plugins/com.st.stm32cube.ide.mcu.externaltools.gnu-tools-for-stm32.9-2020-q2-update.win32_2.0.0.202105311346/tools/bin/../lib/gcc/arm-none-eabi/9.3.1/thumb/v6-m/nofp\libgcc.a(divsf3.o)
 .rodata        0x0000000008003660       0x40 d:/programy/stm32cubeide_1.6.1/stm32cubeide/plugins/com.st.stm32cube.ide.mcu.externaltools.gnu-tools-for-stm32.9-2020-q2-update.win32_2.0.0.202105311346/tools/bin/../lib/gcc/arm-none-eabi/9.3.1/thumb/v6-m/nofp\libgcc.a(divdf3.o)
 .rodata        0x00000000080036a0       0x40 d:/programy/stm32cubeide_1.6.1/stm32cubeide/plugins/com.st.stm32cube.ide.mcu.externaltools.gnu-tools-for-stm32.9-2020-q2-update.win32_2.0.0.202105311346/tools/bin/../lib/gcc/arm-none-eabi/9.3.1/thumb/v6-m/nofp\libgcc.a(muldf3.o)
 *(.rodata*)
 .rodata.AHBPrescTable
                0x00000000080036e0       0x10 ./Core/Src/system_stm32f0xx.o
                0x00000000080036e0                AHBPrescTable
 .rodata.aPLLMULFactorTable.5521
                0x00000000080036f0       0x10 ./Drivers/STM32F0xx_HAL_Driver/Src/stm32f0xx_hal_rcc.o
 .rodata.aPredivFactorTable.5522
                0x0000000008003700       0x10 ./Drivers/STM32F0xx_HAL_Driver/Src/stm32f0xx_hal_rcc.o
                0x0000000008003710                . = ALIGN (0x4)

.rel.dyn        0x0000000008003710        0x0
 .rel.iplt      0x0000000008003710        0x0 d:/programy/stm32cubeide_1.6.1/stm32cubeide/plugins/com.st.stm32cube.ide.mcu.externaltools.gnu-tools-for-stm32.9-2020-q2-update.win32_2.0.0.202105311346/tools/bin/../lib/gcc/arm-none-eabi/9.3.1/thumb/v6-m/nofp/crtbegin.o

.ARM.extab      0x0000000008003710        0x0
                0x0000000008003710                . = ALIGN (0x4)
 *(.ARM.extab* .gnu.linkonce.armextab.*)
                0x0000000008003710                . = ALIGN (0x4)

.ARM            0x0000000008003710        0x0
                0x0000000008003710                . = ALIGN (0x4)
                0x0000000008003710                __exidx_start = .
 *(.ARM.exidx*)
                0x0000000008003710                __exidx_end = .
                0x0000000008003710                . = ALIGN (0x4)

.preinit_array  0x0000000008003710        0x0
                0x0000000008003710                . = ALIGN (0x4)
                0x0000000008003710                PROVIDE (__preinit_array_start = .)
 *(.preinit_array*)
                0x0000000008003710                PROVIDE (__preinit_array_end = .)
                0x0000000008003710                . = ALIGN (0x4)

.init_array     0x0000000008003710        0x4
                0x0000000008003710                . = ALIGN (0x4)
                0x0000000008003710                PROVIDE (__init_array_start = .)
 *(SORT_BY_NAME(.init_array.*))
 *(.init_array*)
 .init_array    0x0000000008003710        0x4 d:/programy/stm32cubeide_1.6.1/stm32cubeide/plugins/com.st.stm32cube.ide.mcu.externaltools.gnu-tools-for-stm32.9-2020-q2-update.win32_2.0.0.202105311346/tools/bin/../lib/gcc/arm-none-eabi/9.3.1/thumb/v6-m/nofp/crtbegin.o
                0x0000000008003714                PROVIDE (__init_array_end = .)
                0x0000000008003714                . = ALIGN (0x4)

.fini_array     0x0000000008003714        0x4
                0x0000000008003714                . = ALIGN (0x4)
                [!provide]                        PROVIDE (__fini_array_start = .)
 *(SORT_BY_NAME(.fini_array.*))
 *(.fini_array*)
 .fini_array    0x0000000008003714        0x4 d:/programy/stm32cubeide_1.6.1/stm32cubeide/plugins/com.st.stm32cube.ide.mcu.externaltools.gnu-tools-for-stm32.9-2020-q2-update.win32_2.0.0.202105311346/tools/bin/../lib/gcc/arm-none-eabi/9.3.1/thumb/v6-m/nofp/crtbegin.o
                [!provide]                        PROVIDE (__fini_array_end = .)
                0x0000000008003718                . = ALIGN (0x4)
                0x0000000008003718                _sidata = LOADADDR (.data)

.data           0x0000000020000000        0xc load address 0x0000000008003718
                0x0000000020000000                . = ALIGN (0x4)
                0x0000000020000000                _sdata = .
 *(.data)
 *(.data*)
 .data.SystemCoreClock
                0x0000000020000000        0x4 ./Core/Src/system_stm32f0xx.o
                0x0000000020000000                SystemCoreClock
 .data.uwTickPrio
                0x0000000020000004        0x4 ./Drivers/STM32F0xx_HAL_Driver/Src/stm32f0xx_hal.o
                0x0000000020000004                uwTickPrio
 .data.uwTickFreq
                0x0000000020000008        0x1 ./Drivers/STM32F0xx_HAL_Driver/Src/stm32f0xx_hal.o
                0x0000000020000008                uwTickFreq
 *(.RamFunc)
 *(.RamFunc*)
                0x000000002000000c                . = ALIGN (0x4)
 *fill*         0x0000000020000009        0x3 
                0x000000002000000c                _edata = .

.igot.plt       0x000000002000000c        0x0 load address 0x0000000008003724
 .igot.plt      0x000000002000000c        0x0 d:/programy/stm32cubeide_1.6.1/stm32cubeide/plugins/com.st.stm32cube.ide.mcu.externaltools.gnu-tools-for-stm32.9-2020-q2-update.win32_2.0.0.202105311346/tools/bin/../lib/gcc/arm-none-eabi/9.3.1/thumb/v6-m/nofp/crtbegin.o
                0x000000002000000c                . = ALIGN (0x4)

.bss            0x0000000020000010       0x94 load address 0x0000000008003724
                0x0000000020000010                _sbss = .
                0x0000000020000010                __bss_start__ = _sbss
 *(.bss)
 .bss           0x0000000020000010       0x1c d:/programy/stm32cubeide_1.6.1/stm32cubeide/plugins/com.st.stm32cube.ide.mcu.externaltools.gnu-tools-for-stm32.9-2020-q2-update.win32_2.0.0.202105311346/tools/bin/../lib/gcc/arm-none-eabi/9.3.1/thumb/v6-m/nofp/crtbegin.o
 *(.bss*)
 *fill*         0x000000002000002c        0x4 
 .bss.V_REF     0x0000000020000030        0x8 ./Core/Src/meas.o
                0x0000000020000030                V_REF
 .bss.temp.5482
                0x0000000020000038        0x8 ./Core/Src/meas.o
 *(COMMON)
 COMMON         0x0000000020000040       0x40 ./Core/Src/adc.o
                0x0000000020000040                hadc
 COMMON         0x0000000020000080       0x20 ./Core/Src/meas.o
                0x0000000020000080                gas_sensor
                0x0000000020000090                temp_sensor
 COMMON         0x00000000200000a0        0x4 ./Drivers/STM32F0xx_HAL_Driver/Src/stm32f0xx_hal.o
                0x00000000200000a0                uwTick
                0x00000000200000a4                . = ALIGN (0x4)
                0x00000000200000a4                _ebss = .
                0x00000000200000a4                __bss_end__ = _ebss

._user_heap_stack
                0x00000000200000a4      0x604 load address 0x0000000008003724
                0x00000000200000a8                . = ALIGN (0x8)
 *fill*         0x00000000200000a4        0x4 
                [!provide]                        PROVIDE (end = .)
                0x00000000200000a8                PROVIDE (_end = .)
                0x00000000200002a8                . = (. + _Min_Heap_Size)
 *fill*         0x00000000200000a8      0x200 
                0x00000000200006a8                . = (. + _Min_Stack_Size)
 *fill*         0x00000000200002a8      0x400 
                0x00000000200006a8                . = ALIGN (0x8)

/DISCARD/
 libc.a(*)
 libm.a(*)
 libgcc.a(*)

.ARM.attributes
                0x0000000000000000       0x28
 *(.ARM.attributes)
 .ARM.attributes
                0x0000000000000000       0x1e d:/programy/stm32cubeide_1.6.1/stm32cubeide/plugins/com.st.stm32cube.ide.mcu.externaltools.gnu-tools-for-stm32.9-2020-q2-update.win32_2.0.0.202105311346/tools/bin/../lib/gcc/arm-none-eabi/9.3.1/thumb/v6-m/nofp/crti.o
 .ARM.attributes
                0x000000000000001e       0x2c d:/programy/stm32cubeide_1.6.1/stm32cubeide/plugins/com.st.stm32cube.ide.mcu.externaltools.gnu-tools-for-stm32.9-2020-q2-update.win32_2.0.0.202105311346/tools/bin/../lib/gcc/arm-none-eabi/9.3.1/thumb/v6-m/nofp/crtbegin.o
 .ARM.attributes
                0x000000000000004a       0x2c ./Core/Src/adc.o
 .ARM.attributes
                0x0000000000000076       0x2c ./Core/Src/gpio.o
 .ARM.attributes
                0x00000000000000a2       0x2c ./Core/Src/main.o
 .ARM.attributes
                0x00000000000000ce       0x2c ./Core/Src/meas.o
 .ARM.attributes
                0x00000000000000fa       0x2c ./Core/Src/stm32f0xx_hal_msp.o
 .ARM.attributes
                0x0000000000000126       0x2c ./Core/Src/stm32f0xx_it.o
 .ARM.attributes
                0x0000000000000152       0x2c ./Core/Src/system_stm32f0xx.o
 .ARM.attributes
                0x000000000000017e       0x21 ./Core/Startup/startup_stm32f030k6tx.o
 .ARM.attributes
                0x000000000000019f       0x2c ./Drivers/STM32F0xx_HAL_Driver/Src/stm32f0xx_hal.o
 .ARM.attributes
                0x00000000000001cb       0x2c ./Drivers/STM32F0xx_HAL_Driver/Src/stm32f0xx_hal_adc.o
 .ARM.attributes
                0x00000000000001f7       0x2c ./Drivers/STM32F0xx_HAL_Driver/Src/stm32f0xx_hal_adc_ex.o
 .ARM.attributes
                0x0000000000000223       0x2c ./Drivers/STM32F0xx_HAL_Driver/Src/stm32f0xx_hal_cortex.o
 .ARM.attributes
                0x000000000000024f       0x2c ./Drivers/STM32F0xx_HAL_Driver/Src/stm32f0xx_hal_gpio.o
 .ARM.attributes
                0x000000000000027b       0x2c ./Drivers/STM32F0xx_HAL_Driver/Src/stm32f0xx_hal_rcc.o
 .ARM.attributes
                0x00000000000002a7       0x2c d:/programy/stm32cubeide_1.6.1/stm32cubeide/plugins/com.st.stm32cube.ide.mcu.externaltools.gnu-tools-for-stm32.9-2020-q2-update.win32_2.0.0.202105311346/tools/bin/../lib/gcc/arm-none-eabi/9.3.1/../../../../arm-none-eabi/lib/thumb/v6-m/nofp\libc_nano.a(lib_a-init.o)
 .ARM.attributes
                0x00000000000002d3       0x2c d:/programy/stm32cubeide_1.6.1/stm32cubeide/plugins/com.st.stm32cube.ide.mcu.externaltools.gnu-tools-for-stm32.9-2020-q2-update.win32_2.0.0.202105311346/tools/bin/../lib/gcc/arm-none-eabi/9.3.1/../../../../arm-none-eabi/lib/thumb/v6-m/nofp\libc_nano.a(lib_a-memset.o)
 .ARM.attributes
                0x00000000000002ff       0x1e d:/programy/stm32cubeide_1.6.1/stm32cubeide/plugins/com.st.stm32cube.ide.mcu.externaltools.gnu-tools-for-stm32.9-2020-q2-update.win32_2.0.0.202105311346/tools/bin/../lib/gcc/arm-none-eabi/9.3.1/thumb/v6-m/nofp\libgcc.a(_udivsi3.o)
 .ARM.attributes
                0x000000000000031d       0x1e d:/programy/stm32cubeide_1.6.1/stm32cubeide/plugins/com.st.stm32cube.ide.mcu.externaltools.gnu-tools-for-stm32.9-2020-q2-update.win32_2.0.0.202105311346/tools/bin/../lib/gcc/arm-none-eabi/9.3.1/thumb/v6-m/nofp\libgcc.a(_dvmd_tls.o)
 .ARM.attributes
                0x000000000000033b       0x2c d:/programy/stm32cubeide_1.6.1/stm32cubeide/plugins/com.st.stm32cube.ide.mcu.externaltools.gnu-tools-for-stm32.9-2020-q2-update.win32_2.0.0.202105311346/tools/bin/../lib/gcc/arm-none-eabi/9.3.1/thumb/v6-m/nofp\libgcc.a(divsf3.o)
 .ARM.attributes
                0x0000000000000367       0x2c d:/programy/stm32cubeide_1.6.1/stm32cubeide/plugins/com.st.stm32cube.ide.mcu.externaltools.gnu-tools-for-stm32.9-2020-q2-update.win32_2.0.0.202105311346/tools/bin/../lib/gcc/arm-none-eabi/9.3.1/thumb/v6-m/nofp\libgcc.a(floatunsisf.o)
 .ARM.attributes
                0x0000000000000393       0x2c d:/programy/stm32cubeide_1.6.1/stm32cubeide/plugins/com.st.stm32cube.ide.mcu.externaltools.gnu-tools-for-stm32.9-2020-q2-update.win32_2.0.0.202105311346/tools/bin/../lib/gcc/arm-none-eabi/9.3.1/thumb/v6-m/nofp\libgcc.a(divdf3.o)
 .ARM.attributes
                0x00000000000003bf       0x2c d:/programy/stm32cubeide_1.6.1/stm32cubeide/plugins/com.st.stm32cube.ide.mcu.externaltools.gnu-tools-for-stm32.9-2020-q2-update.win32_2.0.0.202105311346/tools/bin/../lib/gcc/arm-none-eabi/9.3.1/thumb/v6-m/nofp\libgcc.a(muldf3.o)
 .ARM.attributes
                0x00000000000003eb       0x2c d:/programy/stm32cubeide_1.6.1/stm32cubeide/plugins/com.st.stm32cube.ide.mcu.externaltools.gnu-tools-for-stm32.9-2020-q2-update.win32_2.0.0.202105311346/tools/bin/../lib/gcc/arm-none-eabi/9.3.1/thumb/v6-m/nofp\libgcc.a(subdf3.o)
 .ARM.attributes
                0x0000000000000417       0x2c d:/programy/stm32cubeide_1.6.1/stm32cubeide/plugins/com.st.stm32cube.ide.mcu.externaltools.gnu-tools-for-stm32.9-2020-q2-update.win32_2.0.0.202105311346/tools/bin/../lib/gcc/arm-none-eabi/9.3.1/thumb/v6-m/nofp\libgcc.a(floatsidf.o)
 .ARM.attributes
                0x0000000000000443       0x2c d:/programy/stm32cubeide_1.6.1/stm32cubeide/plugins/com.st.stm32cube.ide.mcu.externaltools.gnu-tools-for-stm32.9-2020-q2-update.win32_2.0.0.202105311346/tools/bin/../lib/gcc/arm-none-eabi/9.3.1/thumb/v6-m/nofp\libgcc.a(extendsfdf2.o)
 .ARM.attributes
                0x000000000000046f       0x1e d:/programy/stm32cubeide_1.6.1/stm32cubeide/plugins/com.st.stm32cube.ide.mcu.externaltools.gnu-tools-for-stm32.9-2020-q2-update.win32_2.0.0.202105311346/tools/bin/../lib/gcc/arm-none-eabi/9.3.1/thumb/v6-m/nofp\libgcc.a(_clzsi2.o)
 .ARM.attributes
                0x000000000000048d       0x1e d:/programy/stm32cubeide_1.6.1/stm32cubeide/plugins/com.st.stm32cube.ide.mcu.externaltools.gnu-tools-for-stm32.9-2020-q2-update.win32_2.0.0.202105311346/tools/bin/../lib/gcc/arm-none-eabi/9.3.1/thumb/v6-m/nofp/crtn.o
OUTPUT(apds.elf elf32-littlearm)
LOAD linker stubs
LOAD d:/programy/stm32cubeide_1.6.1/stm32cubeide/plugins/com.st.stm32cube.ide.mcu.externaltools.gnu-tools-for-stm32.9-2020-q2-update.win32_2.0.0.202105311346/tools/bin/../lib/gcc/arm-none-eabi/9.3.1/../../../../arm-none-eabi/lib/thumb/v6-m/nofp\libc.a
LOAD d:/programy/stm32cubeide_1.6.1/stm32cubeide/plugins/com.st.stm32cube.ide.mcu.externaltools.gnu-tools-for-stm32.9-2020-q2-update.win32_2.0.0.202105311346/tools/bin/../lib/gcc/arm-none-eabi/9.3.1/../../../../arm-none-eabi/lib/thumb/v6-m/nofp\libm.a
LOAD d:/programy/stm32cubeide_1.6.1/stm32cubeide/plugins/com.st.stm32cube.ide.mcu.externaltools.gnu-tools-for-stm32.9-2020-q2-update.win32_2.0.0.202105311346/tools/bin/../lib/gcc/arm-none-eabi/9.3.1/thumb/v6-m/nofp\libgcc.a

.debug_info     0x0000000000000000     0x565e
 .debug_info    0x0000000000000000      0x8df ./Core/Src/adc.o
 .debug_info    0x00000000000008df      0x3a6 ./Core/Src/gpio.o
 .debug_info    0x0000000000000c85      0x8ab ./Core/Src/main.o
 .debug_info    0x0000000000001530      0x879 ./Core/Src/meas.o
 .debug_info    0x0000000000001da9      0x27d ./Core/Src/stm32f0xx_hal_msp.o
 .debug_info    0x0000000000002026      0x1b3 ./Core/Src/stm32f0xx_it.o
 .debug_info    0x00000000000021d9      0x2c3 ./Core/Src/system_stm32f0xx.o
 .debug_info    0x000000000000249c       0x22 ./Core/Startup/startup_stm32f030k6tx.o
 .debug_info    0x00000000000024be      0x6be ./Drivers/STM32F0xx_HAL_Driver/Src/stm32f0xx_hal.o
 .debug_info    0x0000000000002b7c      0xd82 ./Drivers/STM32F0xx_HAL_Driver/Src/stm32f0xx_hal_adc.o
 .debug_info    0x00000000000038fe      0x65c ./Drivers/STM32F0xx_HAL_Driver/Src/stm32f0xx_hal_adc_ex.o
 .debug_info    0x0000000000003f5a      0x7a0 ./Drivers/STM32F0xx_HAL_Driver/Src/stm32f0xx_hal_cortex.o
 .debug_info    0x00000000000046fa      0x6d3 ./Drivers/STM32F0xx_HAL_Driver/Src/stm32f0xx_hal_gpio.o
 .debug_info    0x0000000000004dcd      0x891 ./Drivers/STM32F0xx_HAL_Driver/Src/stm32f0xx_hal_rcc.o

.debug_abbrev   0x0000000000000000     0x1610
 .debug_abbrev  0x0000000000000000      0x1bb ./Core/Src/adc.o
 .debug_abbrev  0x00000000000001bb      0x143 ./Core/Src/gpio.o
 .debug_abbrev  0x00000000000002fe      0x1d8 ./Core/Src/main.o
 .debug_abbrev  0x00000000000004d6      0x1d0 ./Core/Src/meas.o
 .debug_abbrev  0x00000000000006a6      0x11d ./Core/Src/stm32f0xx_hal_msp.o
 .debug_abbrev  0x00000000000007c3       0xd2 ./Core/Src/stm32f0xx_it.o
 .debug_abbrev  0x0000000000000895      0x145 ./Core/Src/system_stm32f0xx.o
 .debug_abbrev  0x00000000000009da       0x12 ./Core/Startup/startup_stm32f030k6tx.o
 .debug_abbrev  0x00000000000009ec      0x21e ./Drivers/STM32F0xx_HAL_Driver/Src/stm32f0xx_hal.o
 .debug_abbrev  0x0000000000000c0a      0x1f1 ./Drivers/STM32F0xx_HAL_Driver/Src/stm32f0xx_hal_adc.o
 .debug_abbrev  0x0000000000000dfb      0x149 ./Drivers/STM32F0xx_HAL_Driver/Src/stm32f0xx_hal_adc_ex.o
 .debug_abbrev  0x0000000000000f44      0x2a9 ./Drivers/STM32F0xx_HAL_Driver/Src/stm32f0xx_hal_cortex.o
 .debug_abbrev  0x00000000000011ed      0x1e8 ./Drivers/STM32F0xx_HAL_Driver/Src/stm32f0xx_hal_gpio.o
 .debug_abbrev  0x00000000000013d5      0x23b ./Drivers/STM32F0xx_HAL_Driver/Src/stm32f0xx_hal_rcc.o

.debug_aranges  0x0000000000000000      0x4f0
 .debug_aranges
                0x0000000000000000       0x30 ./Core/Src/adc.o
 .debug_aranges
                0x0000000000000030       0x20 ./Core/Src/gpio.o
 .debug_aranges
                0x0000000000000050       0x30 ./Core/Src/main.o
 .debug_aranges
                0x0000000000000080       0x40 ./Core/Src/meas.o
 .debug_aranges
                0x00000000000000c0       0x20 ./Core/Src/stm32f0xx_hal_msp.o
 .debug_aranges
                0x00000000000000e0       0x40 ./Core/Src/stm32f0xx_it.o
 .debug_aranges
                0x0000000000000120       0x28 ./Core/Src/system_stm32f0xx.o
 .debug_aranges
                0x0000000000000148       0x28 ./Core/Startup/startup_stm32f030k6tx.o
 .debug_aranges
                0x0000000000000170       0xd0 ./Drivers/STM32F0xx_HAL_Driver/Src/stm32f0xx_hal.o
 .debug_aranges
                0x0000000000000240       0xf8 ./Drivers/STM32F0xx_HAL_Driver/Src/stm32f0xx_hal_adc.o
 .debug_aranges
                0x0000000000000338       0x20 ./Drivers/STM32F0xx_HAL_Driver/Src/stm32f0xx_hal_adc_ex.o
 .debug_aranges
                0x0000000000000358       0xc0 ./Drivers/STM32F0xx_HAL_Driver/Src/stm32f0xx_hal_cortex.o
 .debug_aranges
                0x0000000000000418       0x58 ./Drivers/STM32F0xx_HAL_Driver/Src/stm32f0xx_hal_gpio.o
 .debug_aranges
                0x0000000000000470       0x80 ./Drivers/STM32F0xx_HAL_Driver/Src/stm32f0xx_hal_rcc.o

.debug_ranges   0x0000000000000000      0x418
 .debug_ranges  0x0000000000000000       0x20 ./Core/Src/adc.o
 .debug_ranges  0x0000000000000020       0x10 ./Core/Src/gpio.o
 .debug_ranges  0x0000000000000030       0x20 ./Core/Src/main.o
 .debug_ranges  0x0000000000000050       0x30 ./Core/Src/meas.o
 .debug_ranges  0x0000000000000080       0x10 ./Core/Src/stm32f0xx_hal_msp.o
 .debug_ranges  0x0000000000000090       0x30 ./Core/Src/stm32f0xx_it.o
 .debug_ranges  0x00000000000000c0       0x18 ./Core/Src/system_stm32f0xx.o
 .debug_ranges  0x00000000000000d8       0x20 ./Core/Startup/startup_stm32f030k6tx.o
 .debug_ranges  0x00000000000000f8       0xc0 ./Drivers/STM32F0xx_HAL_Driver/Src/stm32f0xx_hal.o
 .debug_ranges  0x00000000000001b8       0xe8 ./Drivers/STM32F0xx_HAL_Driver/Src/stm32f0xx_hal_adc.o
 .debug_ranges  0x00000000000002a0       0x10 ./Drivers/STM32F0xx_HAL_Driver/Src/stm32f0xx_hal_adc_ex.o
 .debug_ranges  0x00000000000002b0       0xb0 ./Drivers/STM32F0xx_HAL_Driver/Src/stm32f0xx_hal_cortex.o
 .debug_ranges  0x0000000000000360       0x48 ./Drivers/STM32F0xx_HAL_Driver/Src/stm32f0xx_hal_gpio.o
 .debug_ranges  0x00000000000003a8       0x70 ./Drivers/STM32F0xx_HAL_Driver/Src/stm32f0xx_hal_rcc.o

.debug_macro    0x0000000000000000     0xecfc
 .debug_macro   0x0000000000000000      0x1c6 ./Core/Src/adc.o
 .debug_macro   0x00000000000001c6      0xa7e ./Core/Src/adc.o
 .debug_macro   0x0000000000000c44      0x12d ./Core/Src/adc.o
 .debug_macro   0x0000000000000d71       0x2e ./Core/Src/adc.o
 .debug_macro   0x0000000000000d9f       0x22 ./Core/Src/adc.o
 .debug_macro   0x0000000000000dc1       0x22 ./Core/Src/adc.o
 .debug_macro   0x0000000000000de3       0x8e ./Core/Src/adc.o
 .debug_macro   0x0000000000000e71       0x51 ./Core/Src/adc.o
 .debug_macro   0x0000000000000ec2      0x103 ./Core/Src/adc.o
 .debug_macro   0x0000000000000fc5       0x6a ./Core/Src/adc.o
 .debug_macro   0x000000000000102f      0x1df ./Core/Src/adc.o
 .debug_macro   0x000000000000120e       0x1c ./Core/Src/adc.o
 .debug_macro   0x000000000000122a       0x22 ./Core/Src/adc.o
 .debug_macro   0x000000000000124c       0xb5 ./Core/Src/adc.o
 .debug_macro   0x0000000000001301      0x391 ./Core/Src/adc.o
 .debug_macro   0x0000000000001692     0x6e6e ./Core/Src/adc.o
 .debug_macro   0x0000000000008500       0x66 ./Core/Src/adc.o
 .debug_macro   0x0000000000008566     0x34be ./Core/Src/adc.o
 .debug_macro   0x000000000000ba24      0x174 ./Core/Src/adc.o
 .debug_macro   0x000000000000bb98       0x55 ./Core/Src/adc.o
 .debug_macro   0x000000000000bbed      0x924 ./Core/Src/adc.o
 .debug_macro   0x000000000000c511       0xe5 ./Core/Src/adc.o
 .debug_macro   0x000000000000c5f6      0x1ae ./Core/Src/adc.o
 .debug_macro   0x000000000000c7a4       0xb3 ./Core/Src/adc.o
 .debug_macro   0x000000000000c857      0x1a0 ./Core/Src/adc.o
 .debug_macro   0x000000000000c9f7      0x1ed ./Core/Src/adc.o
 .debug_macro   0x000000000000cbe4       0x34 ./Core/Src/adc.o
 .debug_macro   0x000000000000cc18       0x43 ./Core/Src/adc.o
 .debug_macro   0x000000000000cc5b       0x28 ./Core/Src/adc.o
 .debug_macro   0x000000000000cc83      0x33d ./Core/Src/adc.o
 .debug_macro   0x000000000000cfc0       0xbc ./Core/Src/adc.o
 .debug_macro   0x000000000000d07c       0xb0 ./Core/Src/adc.o
 .debug_macro   0x000000000000d12c      0x15a ./Core/Src/adc.o
 .debug_macro   0x000000000000d286      0x22c ./Core/Src/adc.o
 .debug_macro   0x000000000000d4b2       0x61 ./Core/Src/adc.o
 .debug_macro   0x000000000000d513       0xa5 ./Core/Src/adc.o
 .debug_macro   0x000000000000d5b8       0x4c ./Core/Src/adc.o
 .debug_macro   0x000000000000d604       0x2b ./Core/Src/adc.o
 .debug_macro   0x000000000000d62f       0xf1 ./Core/Src/adc.o
 .debug_macro   0x000000000000d720       0x10 ./Core/Src/adc.o
 .debug_macro   0x000000000000d730      0x1c6 ./Core/Src/gpio.o
 .debug_macro   0x000000000000d8f6      0x1dd ./Core/Src/main.o
 .debug_macro   0x000000000000dad3       0x58 ./Core/Src/main.o
 .debug_macro   0x000000000000db2b      0x1d5 ./Core/Src/meas.o
 .debug_macro   0x000000000000dd00       0x52 ./Core/Src/meas.o
 .debug_macro   0x000000000000dd52      0x1bc ./Core/Src/stm32f0xx_hal_msp.o
 .debug_macro   0x000000000000df0e      0x1c6 ./Core/Src/stm32f0xx_it.o
 .debug_macro   0x000000000000e0d4      0x1ad ./Core/Src/system_stm32f0xx.o
 .debug_macro   0x000000000000e281      0x1d1 ./Drivers/STM32F0xx_HAL_Driver/Src/stm32f0xx_hal.o
 .debug_macro   0x000000000000e452      0x1d1 ./Drivers/STM32F0xx_HAL_Driver/Src/stm32f0xx_hal_adc.o
 .debug_macro   0x000000000000e623      0x1b9 ./Drivers/STM32F0xx_HAL_Driver/Src/stm32f0xx_hal_adc_ex.o
 .debug_macro   0x000000000000e7dc      0x1ad ./Drivers/STM32F0xx_HAL_Driver/Src/stm32f0xx_hal_cortex.o
 .debug_macro   0x000000000000e989      0x1b4 ./Drivers/STM32F0xx_HAL_Driver/Src/stm32f0xx_hal_gpio.o
 .debug_macro   0x000000000000eb3d      0x1bf ./Drivers/STM32F0xx_HAL_Driver/Src/stm32f0xx_hal_rcc.o

.debug_line     0x0000000000000000     0x773a
 .debug_line    0x0000000000000000      0x763 ./Core/Src/adc.o
 .debug_line    0x0000000000000763      0x6d4 ./Core/Src/gpio.o
 .debug_line    0x0000000000000e37      0x7a0 ./Core/Src/main.o
 .debug_line    0x00000000000015d7      0x7d4 ./Core/Src/meas.o
 .debug_line    0x0000000000001dab      0x6c8 ./Core/Src/stm32f0xx_hal_msp.o
 .debug_line    0x0000000000002473      0x72c ./Core/Src/stm32f0xx_it.o
 .debug_line    0x0000000000002b9f      0x737 ./Core/Src/system_stm32f0xx.o
 .debug_line    0x00000000000032d6       0x89 ./Core/Startup/startup_stm32f030k6tx.o
 .debug_line    0x000000000000335f      0x942 ./Drivers/STM32F0xx_HAL_Driver/Src/stm32f0xx_hal.o
 .debug_line    0x0000000000003ca1     0x1169 ./Drivers/STM32F0xx_HAL_Driver/Src/stm32f0xx_hal_adc.o
 .debug_line    0x0000000000004e0a      0x75b ./Drivers/STM32F0xx_HAL_Driver/Src/stm32f0xx_hal_adc_ex.o
 .debug_line    0x0000000000005565      0x9ee ./Drivers/STM32F0xx_HAL_Driver/Src/stm32f0xx_hal_cortex.o
 .debug_line    0x0000000000005f53      0xabd ./Drivers/STM32F0xx_HAL_Driver/Src/stm32f0xx_hal_gpio.o
 .debug_line    0x0000000000006a10      0xd2a ./Drivers/STM32F0xx_HAL_Driver/Src/stm32f0xx_hal_rcc.o

.debug_str      0x0000000000000000    0x565c1
 .debug_str     0x0000000000000000    0x55310 ./Core/Src/adc.o
                                      0x555ed (size before relaxing)
 .debug_str     0x0000000000055310       0x48 ./Core/Src/gpio.o
                                      0x55220 (size before relaxing)
 .debug_str     0x0000000000055358      0x304 ./Core/Src/main.o
                                      0x557d3 (size before relaxing)
 .debug_str     0x000000000005565c       0x72 ./Core/Src/meas.o
                                      0x556de (size before relaxing)
 .debug_str     0x00000000000556ce       0x2c ./Core/Src/stm32f0xx_hal_msp.o
                                      0x55183 (size before relaxing)
 .debug_str     0x00000000000556fa       0x76 ./Core/Src/stm32f0xx_it.o
                                      0x55173 (size before relaxing)
 .debug_str     0x0000000000055770       0x5f ./Core/Src/system_stm32f0xx.o
                                      0x55162 (size before relaxing)
 .debug_str     0x00000000000557cf       0x36 ./Core/Startup/startup_stm32f030k6tx.o
                                         0x51 (size before relaxing)
 .debug_str     0x0000000000055805      0x40a ./Drivers/STM32F0xx_HAL_Driver/Src/stm32f0xx_hal.o
                                      0x5563c (size before relaxing)
 .debug_str     0x0000000000055c0f      0x3a3 ./Drivers/STM32F0xx_HAL_Driver/Src/stm32f0xx_hal_adc.o
                                      0x55872 (size before relaxing)
 .debug_str     0x0000000000055fb2       0xa8 ./Drivers/STM32F0xx_HAL_Driver/Src/stm32f0xx_hal_adc_ex.o
                                      0x5551b (size before relaxing)
 .debug_str     0x000000000005605a      0x1dc ./Drivers/STM32F0xx_HAL_Driver/Src/stm32f0xx_hal_cortex.o
                                      0x554f0 (size before relaxing)
 .debug_str     0x0000000000056236      0x14b ./Drivers/STM32F0xx_HAL_Driver/Src/stm32f0xx_hal_gpio.o
                                      0x55341 (size before relaxing)
 .debug_str     0x0000000000056381      0x240 ./Drivers/STM32F0xx_HAL_Driver/Src/stm32f0xx_hal_rcc.o
                                      0x5556c (size before relaxing)

.comment        0x0000000000000000       0x53
 .comment       0x0000000000000000       0x53 ./Core/Src/adc.o
                                         0x54 (size before relaxing)
 .comment       0x0000000000000053       0x54 ./Core/Src/gpio.o
 .comment       0x0000000000000053       0x54 ./Core/Src/main.o
 .comment       0x0000000000000053       0x54 ./Core/Src/meas.o
 .comment       0x0000000000000053       0x54 ./Core/Src/stm32f0xx_hal_msp.o
 .comment       0x0000000000000053       0x54 ./Core/Src/stm32f0xx_it.o
 .comment       0x0000000000000053       0x54 ./Core/Src/system_stm32f0xx.o
 .comment       0x0000000000000053       0x54 ./Drivers/STM32F0xx_HAL_Driver/Src/stm32f0xx_hal.o
 .comment       0x0000000000000053       0x54 ./Drivers/STM32F0xx_HAL_Driver/Src/stm32f0xx_hal_adc.o
 .comment       0x0000000000000053       0x54 ./Drivers/STM32F0xx_HAL_Driver/Src/stm32f0xx_hal_adc_ex.o
 .comment       0x0000000000000053       0x54 ./Drivers/STM32F0xx_HAL_Driver/Src/stm32f0xx_hal_cortex.o
 .comment       0x0000000000000053       0x54 ./Drivers/STM32F0xx_HAL_Driver/Src/stm32f0xx_hal_gpio.o
 .comment       0x0000000000000053       0x54 ./Drivers/STM32F0xx_HAL_Driver/Src/stm32f0xx_hal_rcc.o

.debug_frame    0x0000000000000000     0x1070
 .debug_frame   0x0000000000000000       0x70 ./Core/Src/adc.o
 .debug_frame   0x0000000000000070       0x30 ./Core/Src/gpio.o
 .debug_frame   0x00000000000000a0       0x6c ./Core/Src/main.o
 .debug_frame   0x000000000000010c       0xb4 ./Core/Src/meas.o
 .debug_frame   0x00000000000001c0       0x30 ./Core/Src/stm32f0xx_hal_msp.o
 .debug_frame   0x00000000000001f0       0x9c ./Core/Src/stm32f0xx_it.o
 .debug_frame   0x000000000000028c       0x4c ./Core/Src/system_stm32f0xx.o
 .debug_frame   0x00000000000002d8      0x2a4 ./Drivers/STM32F0xx_HAL_Driver/Src/stm32f0xx_hal.o
 .debug_frame   0x000000000000057c      0x3a0 ./Drivers/STM32F0xx_HAL_Driver/Src/stm32f0xx_hal_adc.o
 .debug_frame   0x000000000000091c       0x30 ./Drivers/STM32F0xx_HAL_Driver/Src/stm32f0xx_hal_adc_ex.o
 .debug_frame   0x000000000000094c      0x2a0 ./Drivers/STM32F0xx_HAL_Driver/Src/stm32f0xx_hal_cortex.o
 .debug_frame   0x0000000000000bec      0x110 ./Drivers/STM32F0xx_HAL_Driver/Src/stm32f0xx_hal_gpio.o
 .debug_frame   0x0000000000000cfc      0x198 ./Drivers/STM32F0xx_HAL_Driver/Src/stm32f0xx_hal_rcc.o
 .debug_frame   0x0000000000000e94       0x2c d:/programy/stm32cubeide_1.6.1/stm32cubeide/plugins/com.st.stm32cube.ide.mcu.externaltools.gnu-tools-for-stm32.9-2020-q2-update.win32_2.0.0.202105311346/tools/bin/../lib/gcc/arm-none-eabi/9.3.1/../../../../arm-none-eabi/lib/thumb/v6-m/nofp\libc_nano.a(lib_a-init.o)
 .debug_frame   0x0000000000000ec0       0x20 d:/programy/stm32cubeide_1.6.1/stm32cubeide/plugins/com.st.stm32cube.ide.mcu.externaltools.gnu-tools-for-stm32.9-2020-q2-update.win32_2.0.0.202105311346/tools/bin/../lib/gcc/arm-none-eabi/9.3.1/../../../../arm-none-eabi/lib/thumb/v6-m/nofp\libc_nano.a(lib_a-memset.o)
 .debug_frame   0x0000000000000ee0       0x20 d:/programy/stm32cubeide_1.6.1/stm32cubeide/plugins/com.st.stm32cube.ide.mcu.externaltools.gnu-tools-for-stm32.9-2020-q2-update.win32_2.0.0.202105311346/tools/bin/../lib/gcc/arm-none-eabi/9.3.1/thumb/v6-m/nofp\libgcc.a(_udivsi3.o)
 .debug_frame   0x0000000000000f00       0x38 d:/programy/stm32cubeide_1.6.1/stm32cubeide/plugins/com.st.stm32cube.ide.mcu.externaltools.gnu-tools-for-stm32.9-2020-q2-update.win32_2.0.0.202105311346/tools/bin/../lib/gcc/arm-none-eabi/9.3.1/thumb/v6-m/nofp\libgcc.a(divsf3.o)
 .debug_frame   0x0000000000000f38       0x2c d:/programy/stm32cubeide_1.6.1/stm32cubeide/plugins/com.st.stm32cube.ide.mcu.externaltools.gnu-tools-for-stm32.9-2020-q2-update.win32_2.0.0.202105311346/tools/bin/../lib/gcc/arm-none-eabi/9.3.1/thumb/v6-m/nofp\libgcc.a(floatunsisf.o)
 .debug_frame   0x0000000000000f64       0x3c d:/programy/stm32cubeide_1.6.1/stm32cubeide/plugins/com.st.stm32cube.ide.mcu.externaltools.gnu-tools-for-stm32.9-2020-q2-update.win32_2.0.0.202105311346/tools/bin/../lib/gcc/arm-none-eabi/9.3.1/thumb/v6-m/nofp\libgcc.a(divdf3.o)
 .debug_frame   0x0000000000000fa0       0x3c d:/programy/stm32cubeide_1.6.1/stm32cubeide/plugins/com.st.stm32cube.ide.mcu.externaltools.gnu-tools-for-stm32.9-2020-q2-update.win32_2.0.0.202105311346/tools/bin/../lib/gcc/arm-none-eabi/9.3.1/thumb/v6-m/nofp\libgcc.a(muldf3.o)
 .debug_frame   0x0000000000000fdc       0x3c d:/programy/stm32cubeide_1.6.1/stm32cubeide/plugins/com.st.stm32cube.ide.mcu.externaltools.gnu-tools-for-stm32.9-2020-q2-update.win32_2.0.0.202105311346/tools/bin/../lib/gcc/arm-none-eabi/9.3.1/thumb/v6-m/nofp\libgcc.a(subdf3.o)
 .debug_frame   0x0000000000001018       0x2c d:/programy/stm32cubeide_1.6.1/stm32cubeide/plugins/com.st.stm32cube.ide.mcu.externaltools.gnu-tools-for-stm32.9-2020-q2-update.win32_2.0.0.202105311346/tools/bin/../lib/gcc/arm-none-eabi/9.3.1/thumb/v6-m/nofp\libgcc.a(floatsidf.o)
 .debug_frame   0x0000000000001044       0x2c d:/programy/stm32cubeide_1.6.1/stm32cubeide/plugins/com.st.stm32cube.ide.mcu.externaltools.gnu-tools-for-stm32.9-2020-q2-update.win32_2.0.0.202105311346/tools/bin/../lib/gcc/arm-none-eabi/9.3.1/thumb/v6-m/nofp\libgcc.a(extendsfdf2.o)
