Archive member included to satisfy reference by file (symbol)

d:/programy/eabi/102021~1.10/bin/../lib/gcc/arm-none-eabi/10.3.1/thumb/v6-m/nofp\libgcc.a(_udivsi3.o)
                              CMakeFiles/APDS.elf.dir/Core/Src/system_stm32f0xx.c.obj (__aeabi_uidiv)
d:/programy/eabi/102021~1.10/bin/../lib/gcc/arm-none-eabi/10.3.1/thumb/v6-m/nofp\libgcc.a(_dvmd_tls.o)
                              d:/programy/eabi/102021~1.10/bin/../lib/gcc/arm-none-eabi/10.3.1/thumb/v6-m/nofp\libgcc.a(_udivsi3.o) (__aeabi_idiv0)
d:/programy/eabi/102021~1.10/bin/../lib/gcc/arm-none-eabi/10.3.1/../../../../arm-none-eabi/lib/thumb/v6-m/nofp\libc.a(lib_a-errno.o)
                              CMakeFiles/APDS.elf.dir/Core/Src/syscalls.c.obj (__errno)
d:/programy/eabi/102021~1.10/bin/../lib/gcc/arm-none-eabi/10.3.1/../../../../arm-none-eabi/lib/thumb/v6-m/nofp\libc.a(lib_a-exit.o)
                              d:/programy/eabi/102021~1.10/bin/../lib/gcc/arm-none-eabi/10.3.1/../../../../arm-none-eabi/lib/thumb/v6-m/nofp/crt0.o (exit)
d:/programy/eabi/102021~1.10/bin/../lib/gcc/arm-none-eabi/10.3.1/../../../../arm-none-eabi/lib/thumb/v6-m/nofp\libc.a(lib_a-impure.o)
                              d:/programy/eabi/102021~1.10/bin/../lib/gcc/arm-none-eabi/10.3.1/../../../../arm-none-eabi/lib/thumb/v6-m/nofp\libc.a(lib_a-exit.o) (_global_impure_ptr)
d:/programy/eabi/102021~1.10/bin/../lib/gcc/arm-none-eabi/10.3.1/../../../../arm-none-eabi/lib/thumb/v6-m/nofp\libc.a(lib_a-init.o)
                              d:/programy/eabi/102021~1.10/bin/../lib/gcc/arm-none-eabi/10.3.1/../../../../arm-none-eabi/lib/thumb/v6-m/nofp/crt0.o (__libc_init_array)
d:/programy/eabi/102021~1.10/bin/../lib/gcc/arm-none-eabi/10.3.1/../../../../arm-none-eabi/lib/thumb/v6-m/nofp\libc.a(lib_a-memset.o)
                              d:/programy/eabi/102021~1.10/bin/../lib/gcc/arm-none-eabi/10.3.1/../../../../arm-none-eabi/lib/thumb/v6-m/nofp/crt0.o (memset)
d:/programy/eabi/102021~1.10/bin/../lib/gcc/arm-none-eabi/10.3.1/../../../../arm-none-eabi/lib/thumb/v6-m/nofp\libc.a(lib_a-__call_atexit.o)
                              d:/programy/eabi/102021~1.10/bin/../lib/gcc/arm-none-eabi/10.3.1/../../../../arm-none-eabi/lib/thumb/v6-m/nofp\libc.a(lib_a-exit.o) (__call_exitprocs)
d:/programy/eabi/102021~1.10/bin/../lib/gcc/arm-none-eabi/10.3.1/../../../../arm-none-eabi/lib/thumb/v6-m/nofp\libc.a(lib_a-atexit.o)
                              d:/programy/eabi/102021~1.10/bin/../lib/gcc/arm-none-eabi/10.3.1/../../../../arm-none-eabi/lib/thumb/v6-m/nofp\libc.a(lib_a-__call_atexit.o) (atexit)
d:/programy/eabi/102021~1.10/bin/../lib/gcc/arm-none-eabi/10.3.1/../../../../arm-none-eabi/lib/thumb/v6-m/nofp\libc.a(lib_a-fini.o)
                              d:/programy/eabi/102021~1.10/bin/../lib/gcc/arm-none-eabi/10.3.1/../../../../arm-none-eabi/lib/thumb/v6-m/nofp\libc.a(lib_a-__call_atexit.o) (__libc_fini_array)
d:/programy/eabi/102021~1.10/bin/../lib/gcc/arm-none-eabi/10.3.1/../../../../arm-none-eabi/lib/thumb/v6-m/nofp\libc.a(lib_a-lock.o)
                              d:/programy/eabi/102021~1.10/bin/../lib/gcc/arm-none-eabi/10.3.1/../../../../arm-none-eabi/lib/thumb/v6-m/nofp\libc.a(lib_a-__call_atexit.o) (__retarget_lock_acquire_recursive)
d:/programy/eabi/102021~1.10/bin/../lib/gcc/arm-none-eabi/10.3.1/../../../../arm-none-eabi/lib/thumb/v6-m/nofp\libc.a(lib_a-__atexit.o)
                              d:/programy/eabi/102021~1.10/bin/../lib/gcc/arm-none-eabi/10.3.1/../../../../arm-none-eabi/lib/thumb/v6-m/nofp\libc.a(lib_a-atexit.o) (__register_exitproc)

Discarded input sections

 .text          0x00000000        0x0 d:/programy/eabi/102021~1.10/bin/../lib/gcc/arm-none-eabi/10.3.1/thumb/v6-m/nofp/crti.o
 .data          0x00000000        0x0 d:/programy/eabi/102021~1.10/bin/../lib/gcc/arm-none-eabi/10.3.1/thumb/v6-m/nofp/crti.o
 .bss           0x00000000        0x0 d:/programy/eabi/102021~1.10/bin/../lib/gcc/arm-none-eabi/10.3.1/thumb/v6-m/nofp/crti.o
 .data          0x00000000        0x4 d:/programy/eabi/102021~1.10/bin/../lib/gcc/arm-none-eabi/10.3.1/thumb/v6-m/nofp/crtbegin.o
 .rodata        0x00000000       0x24 d:/programy/eabi/102021~1.10/bin/../lib/gcc/arm-none-eabi/10.3.1/thumb/v6-m/nofp/crtbegin.o
 .text          0x00000000       0x80 d:/programy/eabi/102021~1.10/bin/../lib/gcc/arm-none-eabi/10.3.1/../../../../arm-none-eabi/lib/thumb/v6-m/nofp/crt0.o
 .data          0x00000000        0x0 d:/programy/eabi/102021~1.10/bin/../lib/gcc/arm-none-eabi/10.3.1/../../../../arm-none-eabi/lib/thumb/v6-m/nofp/crt0.o
 .bss           0x00000000        0x0 d:/programy/eabi/102021~1.10/bin/../lib/gcc/arm-none-eabi/10.3.1/../../../../arm-none-eabi/lib/thumb/v6-m/nofp/crt0.o
 .ARM.extab     0x00000000        0x0 d:/programy/eabi/102021~1.10/bin/../lib/gcc/arm-none-eabi/10.3.1/../../../../arm-none-eabi/lib/thumb/v6-m/nofp/crt0.o
[...]
Memory Configuration

Name             Origin             Length             Attributes
RAM              0x20000000         0x00001000         xrw
FLASH            0x08000000         0x00008000         xr
*default*        0x00000000         0xffffffff

Linker script and memory map

LOAD d:/programy/eabi/102021~1.10/bin/../lib/gcc/arm-none-eabi/10.3.1/thumb/v6-m/nofp/crti.o
LOAD d:/programy/eabi/102021~1.10/bin/../lib/gcc/arm-none-eabi/10.3.1/thumb/v6-m/nofp/crtbegin.o
LOAD d:/programy/eabi/102021~1.10/bin/../lib/gcc/arm-none-eabi/10.3.1/../../../../arm-none-eabi/lib/thumb/v6-m/nofp/crt0.o
LOAD CMakeFiles/APDS.elf.dir/Core/Src/adc.c.obj
LOAD CMakeFiles/APDS.elf.dir/Core/Src/gpio.c.obj
LOAD CMakeFiles/APDS.elf.dir/Core/Src/main.c.obj
LOAD CMakeFiles/APDS.elf.dir/Core/Src/stm32f0xx_hal_msp.c.obj
LOAD CMakeFiles/APDS.elf.dir/Core/Src/stm32f0xx_it.c.obj
LOAD CMakeFiles/APDS.elf.dir/Core/Src/syscalls.c.obj
LOAD CMakeFiles/APDS.elf.dir/Core/Src/sysmem.c.obj
LOAD CMakeFiles/APDS.elf.dir/Core/Src/system_stm32f0xx.c.obj
LOAD CMakeFiles/APDS.elf.dir/Core/Startup/startup_stm32f030k6tx.s.obj
LOAD CMakeFiles/APDS.elf.dir/Drivers/STM32F0xx_HAL_Driver/Src/stm32f0xx_hal.c.obj
LOAD CMakeFiles/APDS.elf.dir/Drivers/STM32F0xx_HAL_Driver/Src/stm32f0xx_hal_adc.c.obj
LOAD CMakeFiles/APDS.elf.dir/Drivers/STM32F0xx_HAL_Driver/Src/stm32f0xx_hal_adc_ex.c.obj
LOAD CMakeFiles/APDS.elf.dir/Drivers/STM32F0xx_HAL_Driver/Src/stm32f0xx_hal_cortex.c.obj
LOAD CMakeFiles/APDS.elf.dir/Drivers/STM32F0xx_HAL_Driver/Src/stm32f0xx_hal_dma.c.obj
LOAD CMakeFiles/APDS.elf.dir/Drivers/STM32F0xx_HAL_Driver/Src/stm32f0xx_hal_exti.c.obj
LOAD CMakeFiles/APDS.elf.dir/Drivers/STM32F0xx_HAL_Driver/Src/stm32f0xx_hal_flash.c.obj
LOAD CMakeFiles/APDS.elf.dir/Drivers/STM32F0xx_HAL_Driver/Src/stm32f0xx_hal_flash_ex.c.obj
LOAD CMakeFiles/APDS.elf.dir/Drivers/STM32F0xx_HAL_Driver/Src/stm32f0xx_hal_gpio.c.obj
LOAD CMakeFiles/APDS.elf.dir/Drivers/STM32F0xx_HAL_Driver/Src/stm32f0xx_hal_i2c.c.obj
LOAD CMakeFiles/APDS.elf.dir/Drivers/STM32F0xx_HAL_Driver/Src/stm32f0xx_hal_i2c_ex.c.obj
LOAD CMakeFiles/APDS.elf.dir/Drivers/STM32F0xx_HAL_Driver/Src/stm32f0xx_hal_pwr.c.obj
LOAD CMakeFiles/APDS.elf.dir/Drivers/STM32F0xx_HAL_Driver/Src/stm32f0xx_hal_pwr_ex.c.obj
LOAD CMakeFiles/APDS.elf.dir/Drivers/STM32F0xx_HAL_Driver/Src/stm32f0xx_hal_rcc.c.obj
LOAD CMakeFiles/APDS.elf.dir/Drivers/STM32F0xx_HAL_Driver/Src/stm32f0xx_hal_rcc_ex.c.obj
LOAD CMakeFiles/APDS.elf.dir/Drivers/STM32F0xx_HAL_Driver/Src/stm32f0xx_hal_tim.c.obj
LOAD CMakeFiles/APDS.elf.dir/Drivers/STM32F0xx_HAL_Driver/Src/stm32f0xx_hal_tim_ex.c.obj
START GROUP
LOAD d:/programy/eabi/102021~1.10/bin/../lib/gcc/arm-none-eabi/10.3.1/thumb/v6-m/nofp\libgcc.a
LOAD d:/programy/eabi/102021~1.10/bin/../lib/gcc/arm-none-eabi/10.3.1/../../../../arm-none-eabi/lib/thumb/v6-m/nofp\libc.a
END GROUP
LOAD d:/programy/eabi/102021~1.10/bin/../lib/gcc/arm-none-eabi/10.3.1/thumb/v6-m/nofp/crtend.o
LOAD d:/programy/eabi/102021~1.10/bin/../lib/gcc/arm-none-eabi/10.3.1/thumb/v6-m/nofp/crtn.o
                0x20001000                _estack = (ORIGIN (RAM) + LENGTH (RAM))
                0x00000200                _Min_Heap_Size = 0x200
                0x00000400                _Min_Stack_Size = 0x400

.isr_vector     0x08000000       0xc0
                0x08000000                . = ALIGN (0x4)
 *(.isr_vector)
 .isr_vector    0x08000000       0xc0 CMakeFiles/APDS.elf.dir/Core/Startup/startup_stm32f030k6tx.s.obj
                0x08000000                g_pfnVectors
                0x080000c0                . = ALIGN (0x4)

.text           0x080000c0     0x1150
                0x080000c0                . = ALIGN (0x4)
 *(.text)
 .text          0x080000c0       0x48 d:/programy/eabi/102021~1.10/bin/../lib/gcc/arm-none-eabi/10.3.1/thumb/v6-m/nofp/crtbegin.o
 .text          0x08000108      0x114 d:/programy/eabi/102021~1.10/bin/../lib/gcc/arm-none-eabi/10.3.1/thumb/v6-m/nofp\libgcc.a(_udivsi3.o)
                0x08000108                __aeabi_uidiv
                0x08000108                __udivsi3
                0x08000214                __aeabi_uidivmod
 .text          0x0800021c        0x4 d:/programy/eabi/102021~1.10/bin/../lib/gcc/arm-none-eabi/10.3.1/thumb/v6-m/nofp\libgcc.a(_dvmd_tls.o)
                0x0800021c                __aeabi_idiv0
                0x0800021c                __aeabi_ldiv0
 *(.text*)
 .text.MX_ADC_Init
                0x08000220       0x90 CMakeFiles/APDS.elf.dir/Core/Src/adc.c.obj
                0x08000220                MX_ADC_Init
 .text.HAL_ADC_MspInit
                0x080002b0       0x60 CMakeFiles/APDS.elf.dir/Core/Src/adc.c.obj
                0x080002b0                HAL_ADC_MspInit
 .text.MX_GPIO_Init
                0x08000310       0x50 CMakeFiles/APDS.elf.dir/Core/Src/gpio.c.obj
                0x08000310                MX_GPIO_Init
 .text.Error_Handler
                0x08000360        0x4 CMakeFiles/APDS.elf.dir/Core/Src/main.c.obj
                0x08000360                Error_Handler
 .text.SystemClock_Config
                0x08000364       0x56 CMakeFiles/APDS.elf.dir/Core/Src/main.c.obj
                0x08000364                SystemClock_Config
 .text.main     0x080003ba       0x14 CMakeFiles/APDS.elf.dir/Core/Src/main.c.obj
                0x080003ba                main
 *fill*         0x080003ce        0x2 
 .text.HAL_MspInit
                0x080003d0       0x30 CMakeFiles/APDS.elf.dir/Core/Src/stm32f0xx_hal_msp.c.obj
                0x080003d0                HAL_MspInit
 .text.NMI_Handler
                0x08000400        0x2 CMakeFiles/APDS.elf.dir/Core/Src/stm32f0xx_it.c.obj
                0x08000400                NMI_Handler
 .text.HardFault_Handler
                0x08000402        0x2 CMakeFiles/APDS.elf.dir/Core/Src/stm32f0xx_it.c.obj
                0x08000402                HardFault_Handler
 .text.SVC_Handler
                0x08000404        0x2 CMakeFiles/APDS.elf.dir/Core/Src/stm32f0xx_it.c.obj
                0x08000404                SVC_Handler
 .text.PendSV_Handler
                0x08000406        0x2 CMakeFiles/APDS.elf.dir/Core/Src/stm32f0xx_it.c.obj
                0x08000406                PendSV_Handler
 .text.SysTick_Handler
                0x08000408        0x8 CMakeFiles/APDS.elf.dir/Core/Src/stm32f0xx_it.c.obj
                0x08000408                SysTick_Handler
 .text.SystemInit
                0x08000410        0x2 CMakeFiles/APDS.elf.dir/Core/Src/system_stm32f0xx.c.obj
                0x08000410                SystemInit
 *fill*         0x08000412        0x2 
 .text.Reset_Handler
                0x08000414       0x50 CMakeFiles/APDS.elf.dir/Core/Startup/startup_stm32f030k6tx.s.obj
                0x08000414                Reset_Handler
 .text.Default_Handler
                0x08000464        0x2 CMakeFiles/APDS.elf.dir/Core/Startup/startup_stm32f030k6tx.s.obj
                0x08000464                TIM1_CC_IRQHandler
                0x08000464                I2C1_IRQHandler
                0x08000464                SPI1_IRQHandler
                0x08000464                EXTI2_3_IRQHandler
                0x08000464                ADC1_IRQHandler
                0x08000464                TIM17_IRQHandler
                0x08000464                RTC_IRQHandler
                0x08000464                TIM16_IRQHandler
                0x08000464                TIM3_IRQHandler
                0x08000464                EXTI4_15_IRQHandler
                0x08000464                RCC_IRQHandler
                0x08000464                DMA1_Channel1_IRQHandler
                0x08000464                Default_Handler
                0x08000464                TIM14_IRQHandler
                0x08000464                DMA1_Channel4_5_IRQHandler
                0x08000464                EXTI0_1_IRQHandler
                0x08000464                WWDG_IRQHandler
                0x08000464                DMA1_Channel2_3_IRQHandler
                0x08000464                FLASH_IRQHandler
                0x08000464                USART1_IRQHandler
                0x08000464                TIM1_BRK_UP_TRG_COM_IRQHandler
 *fill*         0x08000466        0x2 
 .text.HAL_InitTick
                0x08000468       0x50 CMakeFiles/APDS.elf.dir/Drivers/STM32F0xx_HAL_Driver/Src/stm32f0xx_hal.c.obj
                0x08000468                HAL_InitTick
 .text.HAL_Init
                0x080004b8       0x20 CMakeFiles/APDS.elf.dir/Drivers/STM32F0xx_HAL_Driver/Src/stm32f0xx_hal.c.obj
                0x080004b8                HAL_Init
 .text.HAL_IncTick
                0x080004d8       0x18 CMakeFiles/APDS.elf.dir/Drivers/STM32F0xx_HAL_Driver/Src/stm32f0xx_hal.c.obj
                0x080004d8                HAL_IncTick
 .text.HAL_GetTick
                0x080004f0        0xc CMakeFiles/APDS.elf.dir/Drivers/STM32F0xx_HAL_Driver/Src/stm32f0xx_hal.c.obj
                0x080004f0                HAL_GetTick
 .text.HAL_ADC_Init
                0x080004fc      0x184 CMakeFiles/APDS.elf.dir/Drivers/STM32F0xx_HAL_Driver/Src/stm32f0xx_hal_adc.c.obj
                0x080004fc                HAL_ADC_Init
 .text.HAL_ADC_ConfigChannel
                0x08000680      0x134 CMakeFiles/APDS.elf.dir/Drivers/STM32F0xx_HAL_Driver/Src/stm32f0xx_hal_adc.c.obj
                0x08000680                HAL_ADC_ConfigChannel
 .text.HAL_NVIC_SetPriority
                0x080007b4       0x60 CMakeFiles/APDS.elf.dir/Drivers/STM32F0xx_HAL_Driver/Src/stm32f0xx_hal_cortex.c.obj
                0x080007b4                HAL_NVIC_SetPriority
 .text.HAL_SYSTICK_Config
                0x08000814       0x38 CMakeFiles/APDS.elf.dir/Drivers/STM32F0xx_HAL_Driver/Src/stm32f0xx_hal_cortex.c.obj
                0x08000814                HAL_SYSTICK_Config
 .text.HAL_GPIO_Init
                0x0800084c      0x18c CMakeFiles/APDS.elf.dir/Drivers/STM32F0xx_HAL_Driver/Src/stm32f0xx_hal_gpio.c.obj
                0x0800084c                HAL_GPIO_Init
 .text.HAL_GPIO_WritePin
                0x080009d8        0xc CMakeFiles/APDS.elf.dir/Drivers/STM32F0xx_HAL_Driver/Src/stm32f0xx_hal_gpio.c.obj
                0x080009d8                HAL_GPIO_WritePin
 .text.HAL_RCC_OscConfig
                0x080009e4      0x49c CMakeFiles/APDS.elf.dir/Drivers/STM32F0xx_HAL_Driver/Src/stm32f0xx_hal_rcc.c.obj
                0x080009e4                HAL_RCC_OscConfig
 .text.HAL_RCC_GetSysClockFreq
                0x08000e80       0x54 CMakeFiles/APDS.elf.dir/Drivers/STM32F0xx_HAL_Driver/Src/stm32f0xx_hal_rcc.c.obj
                0x08000e80                HAL_RCC_GetSysClockFreq
 .text.HAL_RCC_ClockConfig
                0x08000ed4      0x134 CMakeFiles/APDS.elf.dir/Drivers/STM32F0xx_HAL_Driver/Src/stm32f0xx_hal_rcc.c.obj
                0x08000ed4                HAL_RCC_ClockConfig
 .text.__libc_init_array
                0x08001008       0x44 d:/programy/eabi/102021~1.10/bin/../lib/gcc/arm-none-eabi/10.3.1/../../../../arm-none-eabi/lib/thumb/v6-m/nofp\libc.a(lib_a-init.o)
                0x08001008                __libc_init_array
 .text.memset   0x0800104c       0xa8 d:/programy/eabi/102021~1.10/bin/../lib/gcc/arm-none-eabi/10.3.1/../../../../arm-none-eabi/lib/thumb/v6-m/nofp\libc.a(lib_a-memset.o)
                0x0800104c                memset
 .text.startup.register_fini
                0x080010f4       0x18 d:/programy/eabi/102021~1.10/bin/../lib/gcc/arm-none-eabi/10.3.1/../../../../arm-none-eabi/lib/thumb/v6-m/nofp\libc.a(lib_a-__call_atexit.o)
 .text.atexit   0x0800110c       0x10 d:/programy/eabi/102021~1.10/bin/../lib/gcc/arm-none-eabi/10.3.1/../../../../arm-none-eabi/lib/thumb/v6-m/nofp\libc.a(lib_a-atexit.o)
                0x0800110c                atexit
 .text.__libc_fini_array
                0x0800111c       0x28 d:/programy/eabi/102021~1.10/bin/../lib/gcc/arm-none-eabi/10.3.1/../../../../arm-none-eabi/lib/thumb/v6-m/nofp\libc.a(lib_a-fini.o)
                0x0800111c                __libc_fini_array
 .text.__retarget_lock_acquire_recursive
                0x08001144        0x4 d:/programy/eabi/102021~1.10/bin/../lib/gcc/arm-none-eabi/10.3.1/../../../../arm-none-eabi/lib/thumb/v6-m/nofp\libc.a(lib_a-lock.o)
                0x08001144                __retarget_lock_acquire_recursive
 .text.__retarget_lock_release_recursive
                0x08001148        0x4 d:/programy/eabi/102021~1.10/bin/../lib/gcc/arm-none-eabi/10.3.1/../../../../arm-none-eabi/lib/thumb/v6-m/nofp\libc.a(lib_a-lock.o)
                0x08001148                __retarget_lock_release_recursive
 .text.__register_exitproc
                0x0800114c       0xac d:/programy/eabi/102021~1.10/bin/../lib/gcc/arm-none-eabi/10.3.1/../../../../arm-none-eabi/lib/thumb/v6-m/nofp\libc.a(lib_a-__atexit.o)
                0x0800114c                __register_exitproc
 *(.glue_7)
 .glue_7        0x080011f8        0x0 linker stubs
 *(.glue_7t)
 .glue_7t       0x080011f8        0x0 linker stubs
 *(.eh_frame)
 .eh_frame      0x080011f8        0x0 d:/programy/eabi/102021~1.10/bin/../lib/gcc/arm-none-eabi/10.3.1/thumb/v6-m/nofp/crtbegin.o
 *(.init)
 .init          0x080011f8        0x4 d:/programy/eabi/102021~1.10/bin/../lib/gcc/arm-none-eabi/10.3.1/thumb/v6-m/nofp/crti.o
                0x080011f8                _init
 .init          0x080011fc        0x8 d:/programy/eabi/102021~1.10/bin/../lib/gcc/arm-none-eabi/10.3.1/thumb/v6-m/nofp/crtn.o
 *(.fini)
 .fini          0x08001204        0x4 d:/programy/eabi/102021~1.10/bin/../lib/gcc/arm-none-eabi/10.3.1/thumb/v6-m/nofp/crti.o
                0x08001204                _fini
 .fini          0x08001208        0x8 d:/programy/eabi/102021~1.10/bin/../lib/gcc/arm-none-eabi/10.3.1/thumb/v6-m/nofp/crtn.o
                0x08001210                . = ALIGN (0x4)
                0x08001210                _etext = .

.vfp11_veneer   0x08001210        0x0
 .vfp11_veneer  0x08001210        0x0 linker stubs

.v4_bx          0x08001210        0x0
 .v4_bx         0x08001210        0x0 linker stubs

.iplt           0x08001210        0x0
 .iplt          0x08001210        0x0 d:/programy/eabi/102021~1.10/bin/../lib/gcc/arm-none-eabi/10.3.1/thumb/v6-m/nofp/crtbegin.o

.rodata         0x08001210       0x34
                0x08001210                . = ALIGN (0x4)
 *(.rodata)
 *(.rodata*)
 .rodata.AHBPrescTable
                0x08001210       0x10 CMakeFiles/APDS.elf.dir/Core/Src/system_stm32f0xx.c.obj
                0x08001210                AHBPrescTable
 .rodata.aPLLMULFactorTable.1
                0x08001220       0x10 CMakeFiles/APDS.elf.dir/Drivers/STM32F0xx_HAL_Driver/Src/stm32f0xx_hal_rcc.c.obj
 .rodata.aPredivFactorTable.0
                0x08001230       0x10 CMakeFiles/APDS.elf.dir/Drivers/STM32F0xx_HAL_Driver/Src/stm32f0xx_hal_rcc.c.obj
 .rodata._global_impure_ptr
                0x08001240        0x4 d:/programy/eabi/102021~1.10/bin/../lib/gcc/arm-none-eabi/10.3.1/../../../../arm-none-eabi/lib/thumb/v6-m/nofp\libc.a(lib_a-impure.o)
                0x08001240                _global_impure_ptr
                0x08001244                . = ALIGN (0x4)

.rel.dyn        0x08001244        0x0
 .rel.iplt      0x08001244        0x0 d:/programy/eabi/102021~1.10/bin/../lib/gcc/arm-none-eabi/10.3.1/thumb/v6-m/nofp/crtbegin.o

.ARM.extab      0x08001244        0x0
                0x08001244                . = ALIGN (0x4)
 *(.ARM.extab* .gnu.linkonce.armextab.*)
                0x08001244                . = ALIGN (0x4)

.ARM            0x08001244        0x0
                0x08001244                . = ALIGN (0x4)
                0x08001244                __exidx_start = .
 *(.ARM.exidx*)
                0x08001244                __exidx_end = .
                0x08001244                . = ALIGN (0x4)

.preinit_array  0x08001244        0x0
                0x08001244                . = ALIGN (0x4)
                0x08001244                PROVIDE (__preinit_array_start = .)
 *(.preinit_array*)
                0x08001244                PROVIDE (__preinit_array_end = .)
                0x08001244                . = ALIGN (0x4)

.init_array     0x08001244        0x8
                0x08001244                . = ALIGN (0x4)
                0x08001244                PROVIDE (__init_array_start = .)
 *(SORT_BY_NAME(.init_array.*))
 .init_array.00000
                0x08001244        0x4 d:/programy/eabi/102021~1.10/bin/../lib/gcc/arm-none-eabi/10.3.1/../../../../arm-none-eabi/lib/thumb/v6-m/nofp\libc.a(lib_a-__call_atexit.o)
 *(.init_array*)
 .init_array    0x08001248        0x4 d:/programy/eabi/102021~1.10/bin/../lib/gcc/arm-none-eabi/10.3.1/thumb/v6-m/nofp/crtbegin.o
                0x0800124c                PROVIDE (__init_array_end = .)
                0x0800124c                . = ALIGN (0x4)

.fini_array     0x0800124c        0x4
                0x0800124c                . = ALIGN (0x4)
                0x0800124c                PROVIDE (__fini_array_start = .)
 *(SORT_BY_NAME(.fini_array.*))
 *(.fini_array*)
 .fini_array    0x0800124c        0x4 d:/programy/eabi/102021~1.10/bin/../lib/gcc/arm-none-eabi/10.3.1/thumb/v6-m/nofp/crtbegin.o
                0x08001250                PROVIDE (__fini_array_end = .)
                0x08001250                . = ALIGN (0x4)
                0x08001250                _sidata = LOADADDR (.data)

.data           0x20000000      0x43c load address 0x08001250
                0x20000000                . = ALIGN (0x4)
                0x20000000                _sdata = .
 *(.data)
 *(.data*)
 .data.SystemCoreClock
                0x20000000        0x4 CMakeFiles/APDS.elf.dir/Core/Src/system_stm32f0xx.c.obj
                0x20000000                SystemCoreClock
 .data.uwTickFreq
                0x20000004        0x1 CMakeFiles/APDS.elf.dir/Drivers/STM32F0xx_HAL_Driver/Src/stm32f0xx_hal.c.obj
                0x20000004                uwTickFreq
 *fill*         0x20000005        0x3 
 .data.uwTickPrio
                0x20000008        0x4 CMakeFiles/APDS.elf.dir/Drivers/STM32F0xx_HAL_Driver/Src/stm32f0xx_hal.c.obj
                0x20000008                uwTickPrio
 *fill*         0x2000000c        0x4 
 .data.impure_data
                0x20000010      0x428 d:/programy/eabi/102021~1.10/bin/../lib/gcc/arm-none-eabi/10.3.1/../../../../arm-none-eabi/lib/thumb/v6-m/nofp\libc.a(lib_a-impure.o)
 .data.__atexit_recursive_mutex
                0x20000438        0x4 d:/programy/eabi/102021~1.10/bin/../lib/gcc/arm-none-eabi/10.3.1/../../../../arm-none-eabi/lib/thumb/v6-m/nofp\libc.a(lib_a-__call_atexit.o)
                0x20000438                __atexit_recursive_mutex
 *(.RamFunc)
 *(.RamFunc*)
                0x2000043c                . = ALIGN (0x4)
                0x2000043c                _edata = .

.igot.plt       0x2000043c        0x0 load address 0x0800168c
 .igot.plt      0x2000043c        0x0 d:/programy/eabi/102021~1.10/bin/../lib/gcc/arm-none-eabi/10.3.1/thumb/v6-m/nofp/crtbegin.o
                0x2000043c                . = ALIGN (0x4)

.bss            0x2000043c       0x64 load address 0x0800168c
                0x2000043c                _sbss = .
                0x2000043c                __bss_start__ = _sbss
 *(.bss)
 .bss           0x2000043c       0x1c d:/programy/eabi/102021~1.10/bin/../lib/gcc/arm-none-eabi/10.3.1/thumb/v6-m/nofp/crtbegin.o
 *(.bss*)
 .bss.hadc      0x20000458       0x40 CMakeFiles/APDS.elf.dir/Core/Src/adc.c.obj
                0x20000458                hadc
 .bss.uwTick    0x20000498        0x4 CMakeFiles/APDS.elf.dir/Drivers/STM32F0xx_HAL_Driver/Src/stm32f0xx_hal.c.obj
                0x20000498                uwTick
 .bss.__lock___atexit_recursive_mutex
                0x2000049c        0x1 d:/programy/eabi/102021~1.10/bin/../lib/gcc/arm-none-eabi/10.3.1/../../../../arm-none-eabi/lib/thumb/v6-m/nofp\libc.a(lib_a-lock.o)
                0x2000049c                __lock___atexit_recursive_mutex
 *(COMMON)
                0x200004a0                . = ALIGN (0x4)
 *fill*         0x2000049d        0x3 
                0x200004a0                _ebss = .
                0x200004a0                __bss_end__ = _ebss

._user_heap_stack
                0x200004a0      0x600 load address 0x0800168c
                0x200004a0                . = ALIGN (0x8)
                [!provide]                PROVIDE (end = .)
                0x200004a0                PROVIDE (_end = .)
                0x200006a0                . = (. + _Min_Heap_Size)
 *fill*         0x200004a0      0x200 
                0x20000aa0                . = (. + _Min_Stack_Size)
 *fill*         0x200006a0      0x400 
                0x20000aa0                . = ALIGN (0x8)

/DISCARD/
 libc.a(*)
 libm.a(*)
 libgcc.a(*)

.ARM.attributes
                0x00000000       0x28
 *(.ARM.attributes)
 .ARM.attributes
                0x00000000       0x1e d:/programy/eabi/102021~1.10/bin/../lib/gcc/arm-none-eabi/10.3.1/thumb/v6-m/nofp/crti.o
 .ARM.attributes
                0x0000001e       0x2c d:/programy/eabi/102021~1.10/bin/../lib/gcc/arm-none-eabi/10.3.1/thumb/v6-m/nofp/crtbegin.o
 .ARM.attributes
                0x0000004a       0x2c CMakeFiles/APDS.elf.dir/Core/Src/adc.c.obj
 .ARM.attributes
                0x00000076       0x2c CMakeFiles/APDS.elf.dir/Core/Src/gpio.c.obj
 .ARM.attributes
                0x000000a2       0x2c CMakeFiles/APDS.elf.dir/Core/Src/main.c.obj
 .ARM.attributes
                0x000000ce       0x2c CMakeFiles/APDS.elf.dir/Core/Src/stm32f0xx_hal_msp.c.obj
 .ARM.attributes
                0x000000fa       0x2c CMakeFiles/APDS.elf.dir/Core/Src/stm32f0xx_it.c.obj
 .ARM.attributes
                0x00000126       0x2c CMakeFiles/APDS.elf.dir/Core/Src/system_stm32f0xx.c.obj
 .ARM.attributes
                0x00000152       0x21 CMakeFiles/APDS.elf.dir/Core/Startup/startup_stm32f030k6tx.s.obj
 .ARM.attributes
                0x00000173       0x2c CMakeFiles/APDS.elf.dir/Drivers/STM32F0xx_HAL_Driver/Src/stm32f0xx_hal.c.obj
 .ARM.attributes
                0x0000019f       0x2c CMakeFiles/APDS.elf.dir/Drivers/STM32F0xx_HAL_Driver/Src/stm32f0xx_hal_adc.c.obj
 .ARM.attributes
                0x000001cb       0x2c CMakeFiles/APDS.elf.dir/Drivers/STM32F0xx_HAL_Driver/Src/stm32f0xx_hal_cortex.c.obj
 .ARM.attributes
                0x000001f7       0x2c CMakeFiles/APDS.elf.dir/Drivers/STM32F0xx_HAL_Driver/Src/stm32f0xx_hal_gpio.c.obj
 .ARM.attributes
                0x00000223       0x2c CMakeFiles/APDS.elf.dir/Drivers/STM32F0xx_HAL_Driver/Src/stm32f0xx_hal_rcc.c.obj
 .ARM.attributes
                0x0000024f       0x1e d:/programy/eabi/102021~1.10/bin/../lib/gcc/arm-none-eabi/10.3.1/thumb/v6-m/nofp\libgcc.a(_udivsi3.o)
 .ARM.attributes
                0x0000026d       0x1e d:/programy/eabi/102021~1.10/bin/../lib/gcc/arm-none-eabi/10.3.1/thumb/v6-m/nofp\libgcc.a(_dvmd_tls.o)
 .ARM.attributes
                0x0000028b       0x2c d:/programy/eabi/102021~1.10/bin/../lib/gcc/arm-none-eabi/10.3.1/../../../../arm-none-eabi/lib/thumb/v6-m/nofp\libc.a(lib_a-impure.o)
 .ARM.attributes
                0x000002b7       0x2c d:/programy/eabi/102021~1.10/bin/../lib/gcc/arm-none-eabi/10.3.1/../../../../arm-none-eabi/lib/thumb/v6-m/nofp\libc.a(lib_a-init.o)
 .ARM.attributes
                0x000002e3       0x2c d:/programy/eabi/102021~1.10/bin/../lib/gcc/arm-none-eabi/10.3.1/../../../../arm-none-eabi/lib/thumb/v6-m/nofp\libc.a(lib_a-memset.o)
 .ARM.attributes
                0x0000030f       0x2c d:/programy/eabi/102021~1.10/bin/../lib/gcc/arm-none-eabi/10.3.1/../../../../arm-none-eabi/lib/thumb/v6-m/nofp\libc.a(lib_a-__call_atexit.o)
 .ARM.attributes
                0x0000033b       0x2c d:/programy/eabi/102021~1.10/bin/../lib/gcc/arm-none-eabi/10.3.1/../../../../arm-none-eabi/lib/thumb/v6-m/nofp\libc.a(lib_a-atexit.o)
 .ARM.attributes
                0x00000367       0x2c d:/programy/eabi/102021~1.10/bin/../lib/gcc/arm-none-eabi/10.3.1/../../../../arm-none-eabi/lib/thumb/v6-m/nofp\libc.a(lib_a-fini.o)
 .ARM.attributes
                0x00000393       0x2c d:/programy/eabi/102021~1.10/bin/../lib/gcc/arm-none-eabi/10.3.1/../../../../arm-none-eabi/lib/thumb/v6-m/nofp\libc.a(lib_a-lock.o)
 .ARM.attributes
                0x000003bf       0x2c d:/programy/eabi/102021~1.10/bin/../lib/gcc/arm-none-eabi/10.3.1/../../../../arm-none-eabi/lib/thumb/v6-m/nofp\libc.a(lib_a-__atexit.o)
 .ARM.attributes
                0x000003eb       0x1e d:/programy/eabi/102021~1.10/bin/../lib/gcc/arm-none-eabi/10.3.1/thumb/v6-m/nofp/crtn.o
OUTPUT(APDS.elf elf32-littlearm)
LOAD linker stubs
LOAD d:/programy/eabi/102021~1.10/bin/../lib/gcc/arm-none-eabi/10.3.1/../../../../arm-none-eabi/lib/thumb/v6-m/nofp\libc.a
LOAD d:/programy/eabi/102021~1.10/bin/../lib/gcc/arm-none-eabi/10.3.1/../../../../arm-none-eabi/lib/thumb/v6-m/nofp\libm.a
LOAD d:/programy/eabi/102021~1.10/bin/../lib/gcc/arm-none-eabi/10.3.1/thumb/v6-m/nofp\libgcc.a

.debug_info     0x00000000     0x44e0
 .debug_info    0x00000000      0x948 CMakeFiles/APDS.elf.dir/Core/Src/adc.c.obj
 .debug_info    0x00000948      0x35d CMakeFiles/APDS.elf.dir/Core/Src/gpio.c.obj
 .debug_info    0x00000ca5      0x345 CMakeFiles/APDS.elf.dir/Core/Src/main.c.obj
 .debug_info    0x00000fea      0x1b4 CMakeFiles/APDS.elf.dir/Core/Src/stm32f0xx_hal_msp.c.obj
 .debug_info    0x0000119e       0xe8 CMakeFiles/APDS.elf.dir/Core/Src/stm32f0xx_it.c.obj
 .debug_info    0x00001286      0x28b CMakeFiles/APDS.elf.dir/Core/Src/system_stm32f0xx.c.obj
 .debug_info    0x00001511       0x22 CMakeFiles/APDS.elf.dir/Core/Startup/startup_stm32f030k6tx.s.obj
 .debug_info    0x00001533      0x719 CMakeFiles/APDS.elf.dir/Drivers/STM32F0xx_HAL_Driver/Src/stm32f0xx_hal.c.obj
 .debug_info    0x00001c4c      0xfc8 CMakeFiles/APDS.elf.dir/Drivers/STM32F0xx_HAL_Driver/Src/stm32f0xx_hal_adc.c.obj
 .debug_info    0x00002c14      0x81c CMakeFiles/APDS.elf.dir/Drivers/STM32F0xx_HAL_Driver/Src/stm32f0xx_hal_cortex.c.obj
 .debug_info    0x00003430      0x64a CMakeFiles/APDS.elf.dir/Drivers/STM32F0xx_HAL_Driver/Src/stm32f0xx_hal_gpio.c.obj
 .debug_info    0x00003a7a      0xa66 CMakeFiles/APDS.elf.dir/Drivers/STM32F0xx_HAL_Driver/Src/stm32f0xx_hal_rcc.c.obj

.debug_abbrev   0x00000000     0x1263
 .debug_abbrev  0x00000000      0x1e4 CMakeFiles/APDS.elf.dir/Core/Src/adc.c.obj
 .debug_abbrev  0x000001e4      0x15f CMakeFiles/APDS.elf.dir/Core/Src/gpio.c.obj
 .debug_abbrev  0x00000343      0x173 CMakeFiles/APDS.elf.dir/Core/Src/main.c.obj
 .debug_abbrev  0x000004b6       0xbf CMakeFiles/APDS.elf.dir/Core/Src/stm32f0xx_hal_msp.c.obj
 .debug_abbrev  0x00000575       0x7e CMakeFiles/APDS.elf.dir/Core/Src/stm32f0xx_it.c.obj
 .debug_abbrev  0x000005f3      0x131 CMakeFiles/APDS.elf.dir/Core/Src/system_stm32f0xx.c.obj
 .debug_abbrev  0x00000724       0x12 CMakeFiles/APDS.elf.dir/Core/Startup/startup_stm32f030k6tx.s.obj
 .debug_abbrev  0x00000736      0x245 CMakeFiles/APDS.elf.dir/Drivers/STM32F0xx_HAL_Driver/Src/stm32f0xx_hal.c.obj
 .debug_abbrev  0x0000097b      0x20f CMakeFiles/APDS.elf.dir/Drivers/STM32F0xx_HAL_Driver/Src/stm32f0xx_hal_adc.c.obj
 .debug_abbrev  0x00000b8a      0x293 CMakeFiles/APDS.elf.dir/Drivers/STM32F0xx_HAL_Driver/Src/stm32f0xx_hal_cortex.c.obj
 .debug_abbrev  0x00000e1d      0x1e6 CMakeFiles/APDS.elf.dir/Drivers/STM32F0xx_HAL_Driver/Src/stm32f0xx_hal_gpio.c.obj
 .debug_abbrev  0x00001003      0x260 CMakeFiles/APDS.elf.dir/Drivers/STM32F0xx_HAL_Driver/Src/stm32f0xx_hal_rcc.c.obj

.debug_loc      0x00000000     0x1f80
 .debug_loc     0x00000000       0x81 CMakeFiles/APDS.elf.dir/Core/Src/adc.c.obj
 .debug_loc     0x00000081      0x167 CMakeFiles/APDS.elf.dir/Core/Src/system_stm32f0xx.c.obj
 .debug_loc     0x000001e8      0x141 CMakeFiles/APDS.elf.dir/Drivers/STM32F0xx_HAL_Driver/Src/stm32f0xx_hal.c.obj
 .debug_loc     0x00000329      0xe88 CMakeFiles/APDS.elf.dir/Drivers/STM32F0xx_HAL_Driver/Src/stm32f0xx_hal_adc.c.obj
 .debug_loc     0x000011b1      0x433 CMakeFiles/APDS.elf.dir/Drivers/STM32F0xx_HAL_Driver/Src/stm32f0xx_hal_cortex.c.obj
 .debug_loc     0x000015e4      0x388 CMakeFiles/APDS.elf.dir/Drivers/STM32F0xx_HAL_Driver/Src/stm32f0xx_hal_gpio.c.obj
 .debug_loc     0x0000196c      0x614 CMakeFiles/APDS.elf.dir/Drivers/STM32F0xx_HAL_Driver/Src/stm32f0xx_hal_rcc.c.obj

.debug_aranges  0x00000000      0x448
 .debug_aranges
                0x00000000       0x30 CMakeFiles/APDS.elf.dir/Core/Src/adc.c.obj
 .debug_aranges
                0x00000030       0x20 CMakeFiles/APDS.elf.dir/Core/Src/gpio.c.obj
 .debug_aranges
                0x00000050       0x30 CMakeFiles/APDS.elf.dir/Core/Src/main.c.obj
 .debug_aranges
                0x00000080       0x20 CMakeFiles/APDS.elf.dir/Core/Src/stm32f0xx_hal_msp.c.obj
 .debug_aranges
                0x000000a0       0x40 CMakeFiles/APDS.elf.dir/Core/Src/stm32f0xx_it.c.obj
 .debug_aranges
                0x000000e0       0x28 CMakeFiles/APDS.elf.dir/Core/Src/system_stm32f0xx.c.obj
 .debug_aranges
                0x00000108       0x28 CMakeFiles/APDS.elf.dir/Core/Startup/startup_stm32f030k6tx.s.obj
 .debug_aranges
                0x00000130       0xd0 CMakeFiles/APDS.elf.dir/Drivers/STM32F0xx_HAL_Driver/Src/stm32f0xx_hal.c.obj
 .debug_aranges
                0x00000200       0xf8 CMakeFiles/APDS.elf.dir/Drivers/STM32F0xx_HAL_Driver/Src/stm32f0xx_hal_adc.c.obj
 .debug_aranges
                0x000002f8       0x78 CMakeFiles/APDS.elf.dir/Drivers/STM32F0xx_HAL_Driver/Src/stm32f0xx_hal_cortex.c.obj
 .debug_aranges
                0x00000370       0x58 CMakeFiles/APDS.elf.dir/Drivers/STM32F0xx_HAL_Driver/Src/stm32f0xx_hal_gpio.c.obj
 .debug_aranges
                0x000003c8       0x80 CMakeFiles/APDS.elf.dir/Drivers/STM32F0xx_HAL_Driver/Src/stm32f0xx_hal_rcc.c.obj

.debug_ranges   0x00000000      0x408
 .debug_ranges  0x00000000       0x20 CMakeFiles/APDS.elf.dir/Core/Src/adc.c.obj
 .debug_ranges  0x00000020       0x10 CMakeFiles/APDS.elf.dir/Core/Src/gpio.c.obj
 .debug_ranges  0x00000030       0x20 CMakeFiles/APDS.elf.dir/Core/Src/main.c.obj
 .debug_ranges  0x00000050       0x10 CMakeFiles/APDS.elf.dir/Core/Src/stm32f0xx_hal_msp.c.obj
 .debug_ranges  0x00000060       0x30 CMakeFiles/APDS.elf.dir/Core/Src/stm32f0xx_it.c.obj
 .debug_ranges  0x00000090       0x18 CMakeFiles/APDS.elf.dir/Core/Src/system_stm32f0xx.c.obj
 .debug_ranges  0x000000a8       0x20 CMakeFiles/APDS.elf.dir/Core/Startup/startup_stm32f030k6tx.s.obj
 .debug_ranges  0x000000c8       0xc0 CMakeFiles/APDS.elf.dir/Drivers/STM32F0xx_HAL_Driver/Src/stm32f0xx_hal.c.obj
 .debug_ranges  0x00000188       0xe8 CMakeFiles/APDS.elf.dir/Drivers/STM32F0xx_HAL_Driver/Src/stm32f0xx_hal_adc.c.obj
 .debug_ranges  0x00000270       0xc8 CMakeFiles/APDS.elf.dir/Drivers/STM32F0xx_HAL_Driver/Src/stm32f0xx_hal_cortex.c.obj
 .debug_ranges  0x00000338       0x48 CMakeFiles/APDS.elf.dir/Drivers/STM32F0xx_HAL_Driver/Src/stm32f0xx_hal_gpio.c.obj
 .debug_ranges  0x00000380       0x88 CMakeFiles/APDS.elf.dir/Drivers/STM32F0xx_HAL_Driver/Src/stm32f0xx_hal_rcc.c.obj

.debug_line     0x00000000     0x3cf5
 .debug_line    0x00000000      0x3d4 CMakeFiles/APDS.elf.dir/Core/Src/adc.c.obj
 .debug_line    0x000003d4      0x221 CMakeFiles/APDS.elf.dir/Core/Src/gpio.c.obj
 .debug_line    0x000005f5      0x31f CMakeFiles/APDS.elf.dir/Core/Src/main.c.obj
 .debug_line    0x00000914      0x1a4 CMakeFiles/APDS.elf.dir/Core/Src/stm32f0xx_hal_msp.c.obj
 .debug_line    0x00000ab8      0x161 CMakeFiles/APDS.elf.dir/Core/Src/stm32f0xx_it.c.obj
 .debug_line    0x00000c19      0x25c CMakeFiles/APDS.elf.dir/Core/Src/system_stm32f0xx.c.obj
 .debug_line    0x00000e75       0xd0 CMakeFiles/APDS.elf.dir/Core/Startup/startup_stm32f030k6tx.s.obj
 .debug_line    0x00000f45      0x589 CMakeFiles/APDS.elf.dir/Drivers/STM32F0xx_HAL_Driver/Src/stm32f0xx_hal.c.obj
 .debug_line    0x000014ce     0x1050 CMakeFiles/APDS.elf.dir/Drivers/STM32F0xx_HAL_Driver/Src/stm32f0xx_hal_adc.c.obj
 .debug_line    0x0000251e      0x575 CMakeFiles/APDS.elf.dir/Drivers/STM32F0xx_HAL_Driver/Src/stm32f0xx_hal_cortex.c.obj
 .debug_line    0x00002a93      0x6b6 CMakeFiles/APDS.elf.dir/Drivers/STM32F0xx_HAL_Driver/Src/stm32f0xx_hal_gpio.c.obj
 .debug_line    0x00003149      0xbac CMakeFiles/APDS.elf.dir/Drivers/STM32F0xx_HAL_Driver/Src/stm32f0xx_hal_rcc.c.obj

.debug_str      0x00000000     0x199b
 .debug_str     0x00000000      0x6bd CMakeFiles/APDS.elf.dir/Core/Src/adc.c.obj
                                0x755 (size before relaxing)
 .debug_str     0x000006bd       0x95 CMakeFiles/APDS.elf.dir/Core/Src/gpio.c.obj
                                0x358 (size before relaxing)
 .debug_str     0x00000752      0x1c9 CMakeFiles/APDS.elf.dir/Core/Src/main.c.obj
                                0x3f0 (size before relaxing)
 .debug_str     0x0000091b       0x73 CMakeFiles/APDS.elf.dir/Core/Src/stm32f0xx_hal_msp.c.obj
                                0x28f (size before relaxing)
 .debug_str     0x0000098e       0xb7 CMakeFiles/APDS.elf.dir/Core/Src/stm32f0xx_it.c.obj
                                0x265 (size before relaxing)
 .debug_str     0x00000a45       0xea CMakeFiles/APDS.elf.dir/Core/Src/system_stm32f0xx.c.obj
                                0x307 (size before relaxing)
 .debug_str     0x00000b2f       0x7d CMakeFiles/APDS.elf.dir/Core/Startup/startup_stm32f030k6tx.s.obj
                                 0xd9 (size before relaxing)
 .debug_str     0x00000bac      0x46d CMakeFiles/APDS.elf.dir/Drivers/STM32F0xx_HAL_Driver/Src/stm32f0xx_hal.c.obj
                                0x6fe (size before relaxing)
 .debug_str     0x00001019      0x35a CMakeFiles/APDS.elf.dir/Drivers/STM32F0xx_HAL_Driver/Src/stm32f0xx_hal_adc.c.obj
                                0x988 (size before relaxing)
 .debug_str     0x00001373      0x2b4 CMakeFiles/APDS.elf.dir/Drivers/STM32F0xx_HAL_Driver/Src/stm32f0xx_hal_cortex.c.obj
                                0x649 (size before relaxing)
 .debug_str     0x00001627      0x157 CMakeFiles/APDS.elf.dir/Drivers/STM32F0xx_HAL_Driver/Src/stm32f0xx_hal_gpio.c.obj
                                0x48a (size before relaxing)
 .debug_str     0x0000177e      0x21d CMakeFiles/APDS.elf.dir/Drivers/STM32F0xx_HAL_Driver/Src/stm32f0xx_hal_rcc.c.obj
                                0x6eb (size before relaxing)

.comment        0x00000000       0x49
 .comment       0x00000000       0x49 CMakeFiles/APDS.elf.dir/Core/Src/adc.c.obj
                                 0x4a (size before relaxing)
 .comment       0x00000049       0x4a CMakeFiles/APDS.elf.dir/Core/Src/gpio.c.obj
 .comment       0x00000049       0x4a CMakeFiles/APDS.elf.dir/Core/Src/main.c.obj
 .comment       0x00000049       0x4a CMakeFiles/APDS.elf.dir/Core/Src/stm32f0xx_hal_msp.c.obj
 .comment       0x00000049       0x4a CMakeFiles/APDS.elf.dir/Core/Src/stm32f0xx_it.c.obj
 .comment       0x00000049       0x4a CMakeFiles/APDS.elf.dir/Core/Src/system_stm32f0xx.c.obj
 .comment       0x00000049       0x4a CMakeFiles/APDS.elf.dir/Drivers/STM32F0xx_HAL_Driver/Src/stm32f0xx_hal.c.obj
 .comment       0x00000049       0x4a CMakeFiles/APDS.elf.dir/Drivers/STM32F0xx_HAL_Driver/Src/stm32f0xx_hal_adc.c.obj
 .comment       0x00000049       0x4a CMakeFiles/APDS.elf.dir/Drivers/STM32F0xx_HAL_Driver/Src/stm32f0xx_hal_cortex.c.obj
 .comment       0x00000049       0x4a CMakeFiles/APDS.elf.dir/Drivers/STM32F0xx_HAL_Driver/Src/stm32f0xx_hal_gpio.c.obj
 .comment       0x00000049       0x4a CMakeFiles/APDS.elf.dir/Drivers/STM32F0xx_HAL_Driver/Src/stm32f0xx_hal_rcc.c.obj

.debug_frame    0x00000000      0xadc
 .debug_frame   0x00000000       0x5c CMakeFiles/APDS.elf.dir/Core/Src/adc.c.obj
 .debug_frame   0x0000005c       0x2c CMakeFiles/APDS.elf.dir/Core/Src/gpio.c.obj
 .debug_frame   0x00000088       0x54 CMakeFiles/APDS.elf.dir/Core/Src/main.c.obj
 .debug_frame   0x000000dc       0x24 CMakeFiles/APDS.elf.dir/Core/Src/stm32f0xx_hal_msp.c.obj
 .debug_frame   0x00000100       0x68 CMakeFiles/APDS.elf.dir/Core/Src/stm32f0xx_it.c.obj
 .debug_frame   0x00000168       0x38 CMakeFiles/APDS.elf.dir/Core/Src/system_stm32f0xx.c.obj
 .debug_frame   0x000001a0      0x1ac CMakeFiles/APDS.elf.dir/Drivers/STM32F0xx_HAL_Driver/Src/stm32f0xx_hal.c.obj
 .debug_frame   0x0000034c      0x2a4 CMakeFiles/APDS.elf.dir/Drivers/STM32F0xx_HAL_Driver/Src/stm32f0xx_hal_adc.c.obj
 .debug_frame   0x000005f0       0xe4 CMakeFiles/APDS.elf.dir/Drivers/STM32F0xx_HAL_Driver/Src/stm32f0xx_hal_cortex.c.obj
 .debug_frame   0x000006d4       0xc0 CMakeFiles/APDS.elf.dir/Drivers/STM32F0xx_HAL_Driver/Src/stm32f0xx_hal_gpio.c.obj
 .debug_frame   0x00000794      0x138 CMakeFiles/APDS.elf.dir/Drivers/STM32F0xx_HAL_Driver/Src/stm32f0xx_hal_rcc.c.obj
 .debug_frame   0x000008cc       0x20 d:/programy/eabi/102021~1.10/bin/../lib/gcc/arm-none-eabi/10.3.1/thumb/v6-m/nofp\libgcc.a(_udivsi3.o)
 .debug_frame   0x000008ec       0x2c d:/programy/eabi/102021~1.10/bin/../lib/gcc/arm-none-eabi/10.3.1/../../../../arm-none-eabi/lib/thumb/v6-m/nofp\libc.a(lib_a-init.o)
 .debug_frame   0x00000918       0x30 d:/programy/eabi/102021~1.10/bin/../lib/gcc/arm-none-eabi/10.3.1/../../../../arm-none-eabi/lib/thumb/v6-m/nofp\libc.a(lib_a-memset.o)
 .debug_frame   0x00000948       0x54 d:/programy/eabi/102021~1.10/bin/../lib/gcc/arm-none-eabi/10.3.1/../../../../arm-none-eabi/lib/thumb/v6-m/nofp\libc.a(lib_a-__call_atexit.o)
 .debug_frame   0x0000099c       0x28 d:/programy/eabi/102021~1.10/bin/../lib/gcc/arm-none-eabi/10.3.1/../../../../arm-none-eabi/lib/thumb/v6-m/nofp\libc.a(lib_a-atexit.o)
 .debug_frame   0x000009c4       0x2c d:/programy/eabi/102021~1.10/bin/../lib/gcc/arm-none-eabi/10.3.1/../../../../arm-none-eabi/lib/thumb/v6-m/nofp\libc.a(lib_a-fini.o)
 .debug_frame   0x000009f0       0xb0 d:/programy/eabi/102021~1.10/bin/../lib/gcc/arm-none-eabi/10.3.1/../../../../arm-none-eabi/lib/thumb/v6-m/nofp\libc.a(lib_a-lock.o)
 .debug_frame   0x00000aa0       0x3c d:/programy/eabi/102021~1.10/bin/../lib/gcc/arm-none-eabi/10.3.1/../../../../arm-none-eabi/lib/thumb/v6-m/nofp\libc.a(lib_a-__atexit.o)
